2026-03-09 07:10:07 [INFO] [gpu_monitor] Logging initialised → logs\gpu_monitor.log (level=INFO)
2026-03-09 07:10:07 [INFO] [supervisor.gpu_monitor] [GPUMonitor] PID=28856 starting
2026-03-09 07:13:30 [INFO] [gpu_monitor] Logging initialised → logs\gpu_monitor.log (level=INFO)
2026-03-09 07:13:30 [INFO] [supervisor.gpu_monitor] [GPUMonitor] PID=34592 starting
2026-03-09 07:13:59 [INFO] [gpu_monitor] Logging initialised → logs\gpu_monitor.log (level=INFO)
2026-03-09 07:13:59 [INFO] [supervisor.gpu_monitor] [GPUMonitor] PID=29740 starting
2026-03-09 13:08:48 [INFO] [gpu_monitor] Logging initialised → logs\gpu_monitor.log (level=INFO)
2026-03-09 13:08:48 [INFO] [supervisor.gpu_monitor] [GPUMonitor] PID=2096 starting
2026-03-09 13:10:41 [INFO] [gpu_monitor] Logging initialised → logs\gpu_monitor.log (level=INFO)
2026-03-09 13:10:41 [INFO] [supervisor.gpu_monitor] [GPUMonitor] PID=31948 starting
2026-03-09 13:13:38 [INFO] [gpu_monitor] Logging initialised → logs\gpu_monitor.log (level=INFO)
2026-03-09 13:13:38 [INFO] [supervisor.gpu_monitor] [GPUMonitor] PID=20492 starting
2026-03-09 13:14:07 [INFO] [gpu_monitor] Logging initialised → logs\gpu_monitor.log (level=INFO)
2026-03-09 13:14:07 [INFO] [supervisor.gpu_monitor] [GPUMonitor] PID=29480 starting
2026-03-09 16:22:26 [INFO] [gpu_monitor] Logging initialised → logs\gpu_monitor.log (level=INFO)
2026-03-09 16:22:26 [INFO] [supervisor.gpu_monitor] [GPUMonitor] PID=11752 starting
2026-03-09 16:22:28 [INFO] [core.resource_monitor] NVML initialized (pynvml)
2026-03-10 07:07:44 [INFO] [gpu_monitor] Logging initialised → logs\gpu_monitor.log (level=INFO)
2026-03-10 07:07:44 [INFO] [supervisor.gpu_monitor] [GPUMonitor] PID=24204 starting
2026-03-10 07:07:46 [INFO] [core.resource_monitor] NVML initialized (pynvml)
2026-03-10 07:15:11 [INFO] [gpu_monitor] Logging initialised → logs\gpu_monitor.log (level=INFO)
2026-03-10 07:15:11 [INFO] [supervisor.gpu_monitor] [GPUMonitor] PID=30092 starting
2026-03-10 07:15:13 [INFO] [core.resource_monitor] NVML initialized (pynvml)
2026-03-10 07:54:23 [INFO] [gpu_monitor] Logging initialised → logs\gpu_monitor.log (level=INFO)
2026-03-10 07:54:23 [INFO] [supervisor.gpu_monitor] [GPUMonitor] PID=19816 starting
2026-03-10 07:54:25 [INFO] [core.resource_monitor] NVML initialized (pynvml)
2026-03-10 08:03:38 [INFO] [gpu_monitor] Logging initialised → logs\gpu_monitor.log (level=INFO)
2026-03-10 08:03:38 [INFO] [supervisor.gpu_monitor] [GPUMonitor] PID=21480 starting
2026-03-10 08:04:45 [INFO] [gpu_monitor] Logging initialised → logs\gpu_monitor.log (level=INFO)
2026-03-10 08:04:45 [INFO] [supervisor.gpu_monitor] [GPUMonitor] PID=16172 starting
2026-03-10 08:04:47 [INFO] [core.resource_monitor] NVML initialized (pynvml)
2026-03-10 08:10:45 [INFO] [gpu_monitor] Logging initialised → logs\gpu_monitor.log (level=INFO)
2026-03-10 08:10:45 [INFO] [supervisor.gpu_monitor] [GPUMonitor] PID=26696 starting
2026-03-10 08:10:47 [INFO] [core.resource_monitor] NVML initialized (pynvml)
2026-03-12 13:01:44 [INFO] [gpu_monitor] Logging initialised → logs\gpu_monitor.log (level=INFO)
2026-03-12 13:01:44 [INFO] [supervisor.gpu_monitor] [GPUMonitor] PID=25320 starting
2026-03-12 13:01:45 [INFO] [core.resource_monitor] NVML initialized (pynvml)
2026-03-12 13:04:36 [INFO] [gpu_monitor] Logging initialised → logs\gpu_monitor.log (level=INFO)
2026-03-12 13:04:36 [INFO] [supervisor.gpu_monitor] [GPUMonitor] PID=6696 starting
2026-03-12 13:04:38 [INFO] [core.resource_monitor] NVML initialized (pynvml)
2026-03-12 13:28:26 [INFO] [gpu_monitor] Logging initialised → logs\gpu_monitor.log (level=INFO)
2026-03-12 13:28:26 [INFO] [supervisor.gpu_monitor] [GPUMonitor] PID=30304 starting
2026-03-12 13:28:28 [INFO] [core.resource_monitor] NVML initialized (pynvml)
2026-03-12 13:54:23 [INFO] [gpu_monitor] Logging initialised → logs\gpu_monitor.log (level=INFO)
2026-03-12 13:54:23 [INFO] [supervisor.gpu_monitor] [GPUMonitor] PID=20668 starting
2026-03-12 13:54:25 [INFO] [core.resource_monitor] NVML initialized (pynvml)
2026-03-12 13:54:46 [CRITICAL] [supervisor.gpu_monitor] [GPUMonitor] VRAM exceeded 5793.8/5200.0MB → restart detection
2026-03-12 13:54:52 [CRITICAL] [supervisor.gpu_monitor] [GPUMonitor] VRAM exceeded 6130.8/5200.0MB → restart detection
2026-03-12 13:54:57 [CRITICAL] [supervisor.gpu_monitor] [GPUMonitor] VRAM exceeded 6130.8/5200.0MB → restart detection
2026-03-12 13:55:03 [CRITICAL] [supervisor.gpu_monitor] [GPUMonitor] VRAM exceeded 6130.8/5200.0MB → restart detection
2026-03-12 13:55:08 [CRITICAL] [supervisor.gpu_monitor] [GPUMonitor] VRAM exceeded 6130.8/5200.0MB → restart detection
2026-03-12 13:55:13 [CRITICAL] [supervisor.gpu_monitor] [GPUMonitor] VRAM exceeded 6130.8/5200.0MB → restart detection
2026-03-12 13:55:19 [CRITICAL] [supervisor.gpu_monitor] [GPUMonitor] VRAM exceeded 6130.8/5200.0MB → restart detection
2026-03-12 13:55:24 [CRITICAL] [supervisor.gpu_monitor] [GPUMonitor] VRAM exceeded 6130.8/5200.0MB → restart detection
2026-03-12 13:55:30 [CRITICAL] [supervisor.gpu_monitor] [GPUMonitor] VRAM exceeded 6130.8/5200.0MB → restart detection
2026-03-12 13:55:35 [CRITICAL] [supervisor.gpu_monitor] [GPUMonitor] VRAM exceeded 6128.7/5200.0MB → restart detection
2026-03-12 13:55:40 [CRITICAL] [supervisor.gpu_monitor] [GPUMonitor] VRAM exceeded 6128.7/5200.0MB → restart detection
2026-03-12 13:55:46 [CRITICAL] [supervisor.gpu_monitor] [GPUMonitor] VRAM exceeded 6128.7/5200.0MB → restart detection
2026-03-12 13:55:51 [CRITICAL] [supervisor.gpu_monitor] [GPUMonitor] VRAM exceeded 6128.7/5200.0MB → restart detection
2026-03-12 13:55:57 [CRITICAL] [supervisor.gpu_monitor] [GPUMonitor] VRAM exceeded 6128.7/5200.0MB → restart detection
2026-03-12 13:56:02 [CRITICAL] [supervisor.gpu_monitor] [GPUMonitor] VRAM exceeded 6128.7/5200.0MB → restart detection
2026-03-12 13:56:08 [CRITICAL] [supervisor.gpu_monitor] [GPUMonitor] VRAM exceeded 6128.7/5200.0MB → restart detection
2026-03-12 13:56:13 [CRITICAL] [supervisor.gpu_monitor] [GPUMonitor] VRAM exceeded 6128.7/5200.0MB → restart detection
2026-03-12 13:56:18 [CRITICAL] [supervisor.gpu_monitor] [GPUMonitor] VRAM exceeded 6128.7/5200.0MB → restart detection
2026-03-12 13:56:24 [CRITICAL] [supervisor.gpu_monitor] [GPUMonitor] VRAM exceeded 6128.7/5200.0MB → restart detection
2026-03-12 13:56:29 [CRITICAL] [supervisor.gpu_monitor] [GPUMonitor] VRAM exceeded 6128.7/5200.0MB → restart detection
2026-03-12 13:56:35 [CRITICAL] [supervisor.gpu_monitor] [GPUMonitor] VRAM exceeded 6128.7/5200.0MB → restart detection
2026-03-12 13:56:40 [CRITICAL] [supervisor.gpu_monitor] [GPUMonitor] VRAM exceeded 6128.7/5200.0MB → restart detection
2026-03-12 13:56:45 [CRITICAL] [supervisor.gpu_monitor] [GPUMonitor] VRAM exceeded 6128.7/5200.0MB → restart detection
2026-03-12 13:56:51 [CRITICAL] [supervisor.gpu_monitor] [GPUMonitor] VRAM exceeded 6128.7/5200.0MB → restart detection
2026-03-12 13:56:56 [CRITICAL] [supervisor.gpu_monitor] [GPUMonitor] VRAM exceeded 6127.4/5200.0MB → restart detection
2026-03-12 13:57:02 [CRITICAL] [supervisor.gpu_monitor] [GPUMonitor] VRAM exceeded 6127.4/5200.0MB → restart detection
2026-03-12 13:57:07 [CRITICAL] [supervisor.gpu_monitor] [GPUMonitor] VRAM exceeded 6125.6/5200.0MB → restart detection
2026-03-12 13:57:13 [CRITICAL] [supervisor.gpu_monitor] [GPUMonitor] VRAM exceeded 6119.6/5200.0MB → restart detection
2026-03-12 13:57:18 [CRITICAL] [supervisor.gpu_monitor] [GPUMonitor] VRAM exceeded 6119.6/5200.0MB → restart detection
2026-03-12 13:57:24 [CRITICAL] [supervisor.gpu_monitor] [GPUMonitor] VRAM exceeded 6119.6/5200.0MB → restart detection
2026-03-12 14:04:15 [INFO] [gpu_monitor] Logging initialised → logs\gpu_monitor.log (level=INFO)
2026-03-12 14:04:15 [INFO] [supervisor.gpu_monitor] [GPUMonitor] PID=704 starting
2026-03-12 14:04:17 [INFO] [core.resource_monitor] NVML initialized (pynvml)
2026-03-12 14:05:00 [WARNING] [supervisor.gpu_monitor] [GPUMonitor] VRAM 6130.8/5800.0 MB exceeded — waiting 45s sustained before restart
2026-03-12 14:05:05 [INFO] [supervisor.gpu_monitor] [GPUMonitor] VRAM 6130.8 MB over threshold — 5/45s sustained
2026-03-12 14:05:11 [INFO] [supervisor.gpu_monitor] [GPUMonitor] VRAM 6130.8 MB over threshold — 11/45s sustained
2026-03-12 14:05:16 [INFO] [supervisor.gpu_monitor] [GPUMonitor] VRAM 6130.8 MB over threshold — 16/45s sustained
2026-03-12 14:05:22 [INFO] [supervisor.gpu_monitor] [GPUMonitor] VRAM 6129.7 MB over threshold — 22/45s sustained
2026-03-12 14:05:27 [INFO] [supervisor.gpu_monitor] [GPUMonitor] VRAM 6129.7 MB over threshold — 27/45s sustained
2026-03-12 14:05:32 [INFO] [supervisor.gpu_monitor] [GPUMonitor] VRAM 6129.7 MB over threshold — 32/45s sustained
2026-03-12 14:05:38 [INFO] [supervisor.gpu_monitor] [GPUMonitor] VRAM 6129.7 MB over threshold — 38/45s sustained
2026-03-12 14:05:43 [INFO] [supervisor.gpu_monitor] [GPUMonitor] VRAM 6129.7 MB over threshold — 43/45s sustained
2026-03-12 14:05:49 [CRITICAL] [supervisor.gpu_monitor] [GPUMonitor] VRAM 6112.1/5800.0 MB sustained 49s → restart detection (#1/5)
2026-03-12 14:05:54 [WARNING] [supervisor.gpu_monitor] [GPUMonitor] VRAM 6128.7 MB still high — cooldown 115s remaining before next restart
2026-03-12 14:05:59 [WARNING] [supervisor.gpu_monitor] [GPUMonitor] VRAM 6128.7 MB still high — cooldown 109s remaining before next restart
2026-03-12 14:06:05 [WARNING] [supervisor.gpu_monitor] [GPUMonitor] VRAM 6128.7 MB still high — cooldown 104s remaining before next restart
2026-03-12 14:06:10 [WARNING] [supervisor.gpu_monitor] [GPUMonitor] VRAM 6128.7 MB still high — cooldown 98s remaining before next restart
2026-03-12 14:06:16 [WARNING] [supervisor.gpu_monitor] [GPUMonitor] VRAM 6128.7 MB still high — cooldown 93s remaining before next restart
2026-03-12 14:06:21 [WARNING] [supervisor.gpu_monitor] [GPUMonitor] VRAM 6127.6 MB still high — cooldown 87s remaining before next restart
2026-03-12 14:06:27 [WARNING] [supervisor.gpu_monitor] [GPUMonitor] VRAM 6126.1 MB still high — cooldown 82s remaining before next restart
2026-03-12 14:06:32 [WARNING] [supervisor.gpu_monitor] [GPUMonitor] VRAM 6126.1 MB still high — cooldown 77s remaining before next restart
2026-03-12 14:06:37 [WARNING] [supervisor.gpu_monitor] [GPUMonitor] VRAM 6126.1 MB still high — cooldown 71s remaining before next restart
2026-03-12 14:06:43 [WARNING] [supervisor.gpu_monitor] [GPUMonitor] VRAM 6126.1 MB still high — cooldown 66s remaining before next restart
2026-03-12 14:06:48 [WARNING] [supervisor.gpu_monitor] [GPUMonitor] VRAM 6126.1 MB still high — cooldown 60s remaining before next restart
2026-03-12 14:06:54 [WARNING] [supervisor.gpu_monitor] [GPUMonitor] VRAM 6126.1 MB still high — cooldown 55s remaining before next restart
2026-03-12 14:06:59 [WARNING] [supervisor.gpu_monitor] [GPUMonitor] VRAM 6126.1 MB still high — cooldown 50s remaining before next restart
2026-03-12 14:07:04 [WARNING] [supervisor.gpu_monitor] [GPUMonitor] VRAM 6066.7 MB still high — cooldown 44s remaining before next restart
2026-03-12 14:07:10 [WARNING] [supervisor.gpu_monitor] [GPUMonitor] VRAM 6066.7 MB still high — cooldown 39s remaining before next restart
2026-03-12 14:07:15 [WARNING] [supervisor.gpu_monitor] [GPUMonitor] VRAM 6066.7 MB still high — cooldown 33s remaining before next restart
2026-03-12 14:07:21 [WARNING] [supervisor.gpu_monitor] [GPUMonitor] VRAM 6066.7 MB still high — cooldown 28s remaining before next restart
2026-03-12 14:07:26 [WARNING] [supervisor.gpu_monitor] [GPUMonitor] VRAM 6066.7 MB still high — cooldown 23s remaining before next restart
2026-03-12 14:07:31 [WARNING] [supervisor.gpu_monitor] [GPUMonitor] VRAM 6066.7 MB still high — cooldown 17s remaining before next restart
2026-03-12 14:07:37 [WARNING] [supervisor.gpu_monitor] [GPUMonitor] VRAM 6066.7 MB still high — cooldown 12s remaining before next restart
2026-03-12 14:07:42 [WARNING] [supervisor.gpu_monitor] [GPUMonitor] VRAM 6066.7 MB still high — cooldown 6s remaining before next restart
2026-03-12 14:07:48 [WARNING] [supervisor.gpu_monitor] [GPUMonitor] VRAM 6066.7 MB still high — cooldown 1s remaining before next restart
2026-03-12 14:07:53 [CRITICAL] [supervisor.gpu_monitor] [GPUMonitor] VRAM 6066.7/5800.0 MB sustained 124s → restart detection (#2/5)
2026-03-12 14:07:58 [WARNING] [supervisor.gpu_monitor] [GPUMonitor] VRAM 6066.7 MB still high — cooldown 115s remaining before next restart
2026-03-12 14:08:04 [WARNING] [supervisor.gpu_monitor] [GPUMonitor] VRAM 6066.7 MB still high — cooldown 109s remaining before next restart
2026-03-12 14:08:09 [WARNING] [supervisor.gpu_monitor] [GPUMonitor] VRAM 6066.7 MB still high — cooldown 104s remaining before next restart
2026-03-12 14:08:15 [WARNING] [supervisor.gpu_monitor] [GPUMonitor] VRAM 6066.7 MB still high — cooldown 98s remaining before next restart
2026-03-12 14:08:20 [WARNING] [supervisor.gpu_monitor] [GPUMonitor] VRAM 6066.7 MB still high — cooldown 93s remaining before next restart
2026-03-12 14:21:27 [INFO] [gpu_monitor] Logging initialised → logs\gpu_monitor.log (level=INFO)
2026-03-12 14:21:27 [INFO] [supervisor.gpu_monitor] [GPUMonitor] PID=27760 starting
2026-03-12 14:21:28 [INFO] [core.resource_monitor] NVML initialized (pynvml)
2026-03-12 14:23:15 [INFO] [gpu_monitor] Logging initialised → logs\gpu_monitor.log (level=INFO)
2026-03-12 14:23:15 [INFO] [supervisor.gpu_monitor] [GPUMonitor] PID=13080 starting
2026-03-12 14:39:56 [INFO] [gpu_monitor] Logging initialised → logs\gpu_monitor.log (level=INFO)
2026-03-12 14:39:56 [INFO] [supervisor.gpu_monitor] [GPUMonitor] PID=25132 starting
2026-03-12 14:39:58 [INFO] [core.resource_monitor] NVML initialized (pynvml)
2026-03-12 14:41:06 [INFO] [gpu_monitor] Logging initialised → logs\gpu_monitor.log (level=INFO)
2026-03-12 14:41:06 [INFO] [supervisor.gpu_monitor] [GPUMonitor] PID=10648 starting
2026-03-30 10:01:39 [INFO] [gpu_monitor] Logging initialised → logs\gpu_monitor.log (level=INFO)
2026-03-30 10:01:39 [INFO] [supervisor.gpu_monitor] [GPUMonitor] PID=10256 starting
2026-03-30 10:22:03 [INFO] [gpu_monitor] Logging initialised → logs\gpu_monitor.log (level=INFO)
2026-03-30 10:22:03 [INFO] [supervisor.gpu_monitor] [GPUMonitor] PID=11428 starting
2026-03-30 11:05:51 [INFO] [gpu_monitor] Logging initialised → logs\gpu_monitor.log (level=INFO)
2026-03-30 11:05:51 [INFO] [supervisor.gpu_monitor] [GPUMonitor] PID=7672 starting
2026-03-30 11:40:16 [INFO] [gpu_monitor] Logging initialised → logs\gpu_monitor.log (level=INFO)
2026-03-30 11:40:16 [INFO] [supervisor.gpu_monitor] [GPUMonitor] PID=4012 starting
2026-03-30 11:44:25 [INFO] [gpu_monitor] Logging initialised → logs\gpu_monitor.log (level=INFO)
2026-03-30 11:44:25 [INFO] [supervisor.gpu_monitor] [GPUMonitor] PID=4652 starting
2026-03-30 11:46:42 [INFO] [gpu_monitor] Logging initialised → logs\gpu_monitor.log (level=INFO)
2026-03-30 11:46:42 [INFO] [supervisor.gpu_monitor] [GPUMonitor] PID=10768 starting
2026-03-30 12:30:22 [INFO] [gpu_monitor] Logging initialised → logs\gpu_monitor.log (level=INFO)
2026-03-30 12:30:22 [INFO] [supervisor.gpu_monitor] [GPUMonitor] PID=3700 starting
2026-03-30 12:35:26 [INFO] [gpu_monitor] Logging initialised → logs\gpu_monitor.log (level=INFO)
2026-03-30 12:35:26 [INFO] [supervisor.gpu_monitor] [GPUMonitor] PID=5032 starting
2026-03-30 19:20:16 [INFO] [gpu_monitor] Logging initialised → logs\gpu_monitor.log (level=INFO)
2026-03-30 19:20:16 [INFO] [supervisor.gpu_monitor] [GPUMonitor] PID=7796 starting
2026-03-30 19:40:35 [INFO] [gpu_monitor] Logging initialised → logs\gpu_monitor.log (level=INFO)
2026-03-30 19:40:35 [INFO] [supervisor.gpu_monitor] [GPUMonitor] PID=1952 starting
2026-03-30 19:41:36 [INFO] [gpu_monitor] Logging initialised → logs\gpu_monitor.log (level=INFO)
2026-03-30 19:41:36 [INFO] [supervisor.gpu_monitor] [GPUMonitor] PID=4592 starting
2026-03-30 20:16:44 [INFO] [gpu_monitor] Logging initialised → logs\gpu_monitor.log (level=INFO)
2026-03-30 20:16:44 [INFO] [supervisor.gpu_monitor] [GPUMonitor] PID=3384 starting
2026-03-30 20:22:05 [INFO] [gpu_monitor] Logging initialised → logs\gpu_monitor.log (level=INFO)
2026-03-30 20:22:05 [INFO] [supervisor.gpu_monitor] [GPUMonitor] PID=5712 starting
2026-03-30 21:48:32 [INFO] [gpu_monitor] Logging initialised → logs\gpu_monitor.log (level=INFO)
2026-03-30 21:48:32 [INFO] [supervisor.gpu_monitor] [GPUMonitor] PID=5040 starting
2026-03-30 21:50:14 [INFO] [gpu_monitor] Logging initialised → logs\gpu_monitor.log (level=INFO)
2026-03-30 21:50:14 [INFO] [supervisor.gpu_monitor] [GPUMonitor] PID=8820 starting
2026-03-30 22:12:46 [INFO] [gpu_monitor] Logging initialised → logs\gpu_monitor.log (level=INFO)
2026-03-30 22:12:46 [INFO] [supervisor.gpu_monitor] [GPUMonitor] PID=11200 starting
2026-03-30 22:25:11 [INFO] [gpu_monitor] Logging initialised → logs\gpu_monitor.log (level=INFO)
2026-03-30 22:25:11 [INFO] [supervisor.gpu_monitor] [GPUMonitor] PID=744 starting
2026-03-30 22:26:42 [INFO] [gpu_monitor] Logging initialised → logs\gpu_monitor.log (level=INFO)
2026-03-30 22:26:42 [INFO] [supervisor.gpu_monitor] [GPUMonitor] PID=9232 starting
2026-03-30 22:51:31 [INFO] [gpu_monitor] Logging initialised → logs\gpu_monitor.log (level=INFO)
2026-03-30 22:51:31 [INFO] [supervisor.gpu_monitor] [GPUMonitor] PID=4312 starting
2026-03-30 22:52:20 [INFO] [gpu_monitor] Logging initialised → logs\gpu_monitor.log (level=INFO)
2026-03-30 22:52:20 [INFO] [supervisor.gpu_monitor] [GPUMonitor] PID=10392 starting
2026-03-30 22:59:25 [INFO] [gpu_monitor] Logging initialised → logs\gpu_monitor.log (level=INFO)
2026-03-30 22:59:25 [INFO] [supervisor.gpu_monitor] [GPUMonitor] PID=9924 starting
2026-03-30 23:00:05 [INFO] [gpu_monitor] Logging initialised → logs\gpu_monitor.log (level=INFO)
2026-03-30 23:00:05 [INFO] [supervisor.gpu_monitor] [GPUMonitor] PID=9732 starting
2026-03-30 23:18:06 [INFO] [gpu_monitor] Logging initialised → logs\gpu_monitor.log (level=INFO)
2026-03-30 23:18:06 [INFO] [supervisor.gpu_monitor] [GPUMonitor] PID=5820 starting
2026-03-30 23:19:02 [INFO] [gpu_monitor] Logging initialised → logs\gpu_monitor.log (level=INFO)
2026-03-30 23:19:02 [INFO] [supervisor.gpu_monitor] [GPUMonitor] PID=6836 starting
2026-03-30 23:35:25 [INFO] [gpu_monitor] Logging initialised → logs\gpu_monitor.log (level=INFO)
2026-03-30 23:35:25 [INFO] [supervisor.gpu_monitor] [GPUMonitor] PID=5372 starting
2026-03-30 23:50:42 [INFO] [gpu_monitor] Logging initialised → logs\gpu_monitor.log (level=INFO)
2026-03-30 23:50:42 [INFO] [supervisor.gpu_monitor] [GPUMonitor] PID=816 starting
2026-03-30 23:52:27 [INFO] [gpu_monitor] Logging initialised → logs\gpu_monitor.log (level=INFO)
2026-03-30 23:52:27 [INFO] [supervisor.gpu_monitor] [GPUMonitor] PID=5096 starting
2026-04-14 22:56:24 [INFO] [gpu_monitor] Logging initialised → logs\gpu_monitor.log (level=INFO)
2026-04-14 22:56:24 [INFO] [supervisor.gpu_monitor] [GPUMonitor] PID=8452 starting
2026-04-14 23:10:53 [INFO] [gpu_monitor] Logging initialised → logs\gpu_monitor.log (level=INFO)
2026-04-14 23:10:53 [INFO] [supervisor.gpu_monitor] [GPUMonitor] PID=3636 starting
2026-04-15 13:07:17 [INFO] [gpu_monitor] Logging initialised → logs\gpu_monitor.log (level=INFO)
2026-04-15 13:07:17 [INFO] [supervisor.gpu_monitor] [GPUMonitor] PID=11820 starting
2026-04-15 14:20:47 [INFO] [gpu_monitor] Logging initialised → logs\gpu_monitor.log (level=INFO)
2026-04-15 14:20:47 [INFO] [supervisor.gpu_monitor] [GPUMonitor] PID=6460 starting
2026-04-15 15:06:14 [INFO] [gpu_monitor] Logging initialised → logs\gpu_monitor.log (level=INFO)
2026-04-15 15:06:14 [INFO] [supervisor.gpu_monitor] [GPUMonitor] PID=1532 starting
2026-04-16 00:32:54 [INFO] [gpu_monitor] Logging initialised → logs\gpu_monitor.log (level=INFO)
2026-04-16 00:32:54 [INFO] [supervisor.gpu_monitor] [GPUMonitor] PID=8496 starting
2026-04-16 00:33:34 [INFO] [gpu_monitor] Logging initialised → logs\gpu_monitor.log (level=INFO)
2026-04-16 00:33:34 [INFO] [supervisor.gpu_monitor] [GPUMonitor] PID=9976 starting
2026-04-16 00:48:28 [INFO] [gpu_monitor] Logging initialised → logs\gpu_monitor.log (level=INFO)
2026-04-16 00:48:28 [INFO] [supervisor.gpu_monitor] [GPUMonitor] PID=8808 starting
2026-04-16 00:55:12 [INFO] [gpu_monitor] Logging initialised → logs\gpu_monitor.log (level=INFO)
2026-04-16 00:55:12 [INFO] [supervisor.gpu_monitor] [GPUMonitor] PID=10392 starting
2026-04-16 20:54:44 [INFO] [gpu_monitor] Logging initialised → logs\gpu_monitor.log (level=INFO)
2026-04-16 20:54:44 [INFO] [supervisor.gpu_monitor] [GPUMonitor] PID=29372 starting
2026-04-16 20:54:45 [INFO] [core.resource_monitor] NVML initialized (pynvml)
2026-04-16 21:02:30 [INFO] [gpu_monitor] Logging initialised → logs\gpu_monitor.log (level=INFO)
2026-04-16 21:02:30 [INFO] [supervisor.gpu_monitor] [GPUMonitor] PID=13120 starting
2026-04-16 21:02:31 [INFO] [core.resource_monitor] NVML initialized (pynvml)
2026-04-16 22:21:25 [INFO] [gpu_monitor] Logging initialised → logs\gpu_monitor.log (level=INFO)
2026-04-16 22:21:25 [INFO] [supervisor.gpu_monitor] [GPUMonitor] PID=28208 starting
2026-04-16 22:21:27 [INFO] [core.resource_monitor] NVML initialized (pynvml)
2026-04-16 22:23:19 [INFO] [gpu_monitor] Logging initialised → logs\gpu_monitor.log (level=INFO)
2026-04-16 22:23:19 [INFO] [supervisor.gpu_monitor] [GPUMonitor] PID=17048 starting
2026-04-16 22:23:21 [INFO] [core.resource_monitor] NVML initialized (pynvml)
2026-04-16 22:57:21 [INFO] [gpu_monitor] Logging initialised → logs\gpu_monitor.log (level=INFO)
2026-04-16 22:57:21 [INFO] [supervisor.gpu_monitor] [GPUMonitor] PID=1688 starting
2026-04-16 22:57:23 [INFO] [core.resource_monitor] NVML initialized (pynvml)
2026-04-16 22:58:53 [INFO] [gpu_monitor] Logging initialised → logs\gpu_monitor.log (level=INFO)
2026-04-16 22:58:53 [INFO] [supervisor.gpu_monitor] [GPUMonitor] PID=11984 starting
2026-04-16 22:58:55 [INFO] [core.resource_monitor] NVML initialized (pynvml)
2026-04-19 21:12:04 [INFO] [gpu_monitor] Logging initialised → logs\gpu_monitor.log (level=INFO)
2026-04-19 21:12:04 [INFO] [supervisor.gpu_monitor] [GPUMonitor] PID=13280 starting
2026-04-19 21:12:06 [INFO] [core.resource_monitor] NVML initialized (pynvml)
2026-04-19 21:17:01 [INFO] [gpu_monitor] Logging initialised → logs\gpu_monitor.log (level=INFO)
2026-04-19 21:17:01 [INFO] [supervisor.gpu_monitor] [GPUMonitor] PID=17692 starting
2026-04-19 21:17:03 [INFO] [core.resource_monitor] NVML initialized (pynvml)
2026-04-19 21:31:30 [INFO] [gpu_monitor] Logging initialised → logs\gpu_monitor.log (level=INFO)
2026-04-19 21:31:30 [INFO] [supervisor.gpu_monitor] [GPUMonitor] PID=29124 starting
2026-04-19 21:31:32 [INFO] [core.resource_monitor] NVML initialized (pynvml)
2026-04-19 21:35:16 [INFO] [gpu_monitor] Logging initialised → logs\gpu_monitor.log (level=INFO)
2026-04-19 21:35:16 [INFO] [supervisor.gpu_monitor] [GPUMonitor] PID=22396 starting
2026-04-19 21:35:17 [INFO] [core.resource_monitor] NVML initialized (pynvml)
2026-04-19 21:38:43 [INFO] [gpu_monitor] Logging initialised → logs\gpu_monitor.log (level=INFO)
2026-04-19 21:38:43 [INFO] [supervisor.gpu_monitor] [GPUMonitor] PID=6976 starting
2026-04-19 21:38:45 [INFO] [core.resource_monitor] NVML initialized (pynvml)
2026-04-19 21:53:42 [INFO] [gpu_monitor] Logging initialised → logs\gpu_monitor.log (level=INFO)
2026-04-19 21:53:42 [INFO] [supervisor.gpu_monitor] [GPUMonitor] PID=15612 starting
2026-04-19 21:53:43 [INFO] [core.resource_monitor] NVML initialized (pynvml)
2026-04-19 21:59:33 [INFO] [gpu_monitor] Logging initialised → logs\gpu_monitor.log (level=INFO)
2026-04-19 21:59:33 [INFO] [supervisor.gpu_monitor] [GPUMonitor] PID=13136 starting
2026-04-19 21:59:34 [INFO] [core.resource_monitor] NVML initialized (pynvml)
2026-04-19 22:14:26 [INFO] [gpu_monitor] Logging initialised → logs\gpu_monitor.log (level=INFO)
2026-04-19 22:14:26 [INFO] [supervisor.gpu_monitor] [GPUMonitor] PID=25908 starting
2026-04-19 22:14:28 [INFO] [core.resource_monitor] NVML initialized (pynvml)
