2026-03-09 07:10:07 [INFO] [relay] Logging initialised → logs\relay.log (level=INFO)
2026-03-09 07:10:07 [INFO] [relay.relay_process] [Relay] PID=34148 starting
2026-03-09 07:10:07 [ERROR] [relay.relay_process] [PyhidRelay] pyhid_usb_relay not installed, falling back to simulated
2026-03-09 07:10:07 [WARNING] [relay.relay_process] Falling back to simulated relay driver
2026-03-09 07:11:23 [INFO] [relay] Logging initialised → logs\relay.log (level=INFO)
2026-03-09 07:11:23 [INFO] [relay.relay_process] [Relay] PID=33984 starting
2026-03-09 07:11:23 [ERROR] [relay.relay_process] [PyhidRelay] pyhid_usb_relay not installed, falling back to simulated
2026-03-09 07:11:23 [WARNING] [relay.relay_process] Falling back to simulated relay driver
2026-03-09 07:13:30 [INFO] [relay] Logging initialised → logs\relay.log (level=INFO)
2026-03-09 07:13:30 [INFO] [relay.relay_process] [Relay] PID=6024 starting
2026-03-09 07:13:30 [ERROR] [relay.relay_process] [PyhidRelay] pyhid_usb_relay not installed, falling back to simulated
2026-03-09 07:13:30 [WARNING] [relay.relay_process] Falling back to simulated relay driver
2026-03-09 07:13:54 [INFO] [relay] Logging initialised → logs\relay.log (level=INFO)
2026-03-09 07:13:54 [INFO] [relay.relay_process] [Relay] PID=31536 starting
2026-03-09 07:13:54 [ERROR] [relay.relay_process] [PyhidRelay] pyhid_usb_relay not installed, falling back to simulated
2026-03-09 07:13:54 [WARNING] [relay.relay_process] Falling back to simulated relay driver
2026-03-09 13:08:48 [INFO] [relay] Logging initialised → logs\relay.log (level=INFO)
2026-03-09 13:08:48 [INFO] [relay.relay_process] [Relay] PID=33924 starting (9 relays)
2026-03-09 13:08:48 [INFO] [relay.relay_process] [SimRelay] Initialized 9 relays (SIMULATED)
2026-03-09 13:10:41 [INFO] [relay] Logging initialised → logs\relay.log (level=INFO)
2026-03-09 13:10:41 [INFO] [relay.relay_process] [Relay] PID=32340 starting (9 relays)
2026-03-09 13:10:41 [INFO] [relay.relay_process] [SimRelay] Initialized 9 relays (SIMULATED)
2026-03-09 13:13:38 [INFO] [relay] Logging initialised → logs\relay.log (level=INFO)
2026-03-09 13:13:38 [INFO] [relay.relay_process] [Relay] PID=33024 starting (9 relays)
2026-03-09 13:13:38 [INFO] [relay.relay_process] [SimRelay] Initialized 9 relays (SIMULATED)
2026-03-09 13:14:02 [INFO] [relay] Logging initialised → logs\relay.log (level=INFO)
2026-03-09 13:14:02 [INFO] [relay.relay_process] [Relay] PID=32048 starting (9 relays)
2026-03-09 13:14:02 [INFO] [relay.relay_process] [SimRelay] Initialized 9 relays (SIMULATED)
2026-03-09 16:22:26 [INFO] [relay] Logging initialised → logs\relay.log (level=INFO)
2026-03-09 16:22:26 [INFO] [relay.relay_process] [Relay] PID=18916 starting (9 relays)
2026-03-09 16:22:26 [INFO] [relay.relay_process] [SimRelay] Initialized 9 relays (SIMULATED)
2026-03-10 07:07:44 [INFO] [relay] Logging initialised → logs\relay.log (level=INFO)
2026-03-10 07:07:44 [INFO] [relay.relay_process] [Relay] PID=32200 starting (9 relays)
2026-03-10 07:07:44 [INFO] [relay.relay_process] [SimRelay] Initialized 9 relays (SIMULATED)
2026-03-10 07:15:11 [INFO] [relay] Logging initialised → logs\relay.log (level=INFO)
2026-03-10 07:15:11 [INFO] [relay.relay_process] [Relay] PID=30864 starting (9 relays)
2026-03-10 07:15:11 [INFO] [relay.relay_process] [SimRelay] Initialized 9 relays (SIMULATED)
2026-03-10 07:54:23 [INFO] [relay] Logging initialised → logs\relay.log (level=INFO)
2026-03-10 07:54:23 [INFO] [relay.relay_process] [Relay] PID=9072 starting (9 relays)
2026-03-10 07:54:23 [INFO] [relay.relay_process] [SimRelay] Initialized 9 relays (SIMULATED)
2026-03-10 08:03:33 [INFO] [relay] Logging initialised → logs\relay.log (level=INFO)
2026-03-10 08:03:33 [INFO] [relay.relay_process] [Relay] PID=33796 starting (9 relays)
2026-03-10 08:03:33 [INFO] [relay.relay_process] [SimRelay] Initialized 9 relays (SIMULATED)
2026-03-10 08:04:45 [INFO] [relay] Logging initialised → logs\relay.log (level=INFO)
2026-03-10 08:04:45 [INFO] [relay.relay_process] [Relay] PID=10640 starting (9 relays)
2026-03-10 08:04:45 [INFO] [relay.relay_process] [SimRelay] Initialized 9 relays (SIMULATED)
2026-03-10 08:10:45 [INFO] [relay] Logging initialised → logs\relay.log (level=INFO)
2026-03-10 08:10:45 [INFO] [relay.relay_process] [Relay] PID=27232 starting (9 relays)
2026-03-10 08:10:45 [INFO] [relay.relay_process] [SimRelay] Initialized 9 relays (SIMULATED)
2026-03-12 13:01:44 [INFO] [relay] Logging initialised → logs\relay.log (level=INFO)
2026-03-12 13:01:44 [INFO] [relay.relay_process] [Relay] PID=24816 starting (9 relays)
2026-03-12 13:01:44 [INFO] [relay.relay_process] [SimRelay] Initialized 9 relays (SIMULATED)
2026-03-12 13:04:36 [INFO] [relay] Logging initialised → logs\relay.log (level=INFO)
2026-03-12 13:04:36 [INFO] [relay.relay_process] [Relay] PID=27736 starting (9 relays)
2026-03-12 13:04:36 [INFO] [relay.relay_process] [SimRelay] Initialized 9 relays (SIMULATED)
2026-03-12 13:28:26 [INFO] [relay] Logging initialised → logs\relay.log (level=INFO)
2026-03-12 13:28:26 [INFO] [relay.relay_process] [Relay] PID=25968 starting (9 relays)
2026-03-12 13:28:26 [INFO] [relay.relay_process] [SimRelay] Initialized 9 relays (SIMULATED)
2026-03-12 13:54:23 [INFO] [relay] Logging initialised → logs\relay.log (level=INFO)
2026-03-12 13:54:23 [INFO] [relay.relay_process] [Relay] PID=16072 starting (9 relays)
2026-03-12 13:54:23 [INFO] [relay.relay_process] [SimRelay] Initialized 9 relays (SIMULATED)
2026-03-12 14:04:15 [INFO] [relay] Logging initialised → logs\relay.log (level=INFO)
2026-03-12 14:04:15 [INFO] [relay.relay_process] [Relay] PID=25108 starting (9 relays)
2026-03-12 14:04:15 [INFO] [relay.relay_process] [SimRelay] Initialized 9 relays (SIMULATED)
2026-03-12 14:21:27 [INFO] [relay] Logging initialised → logs\relay.log (level=INFO)
2026-03-12 14:21:27 [INFO] [relay.relay_process] [Relay] PID=6632 starting (9 relays)
2026-03-12 14:21:27 [INFO] [relay.relay_process] [SimRelay] Initialized 9 relays (SIMULATED)
2026-03-12 14:39:56 [INFO] [relay] Logging initialised → logs\relay.log (level=INFO)
2026-03-12 14:39:56 [INFO] [relay.relay_process] [Relay] PID=5440 starting (9 relays)
2026-03-12 14:39:56 [INFO] [relay.relay_process] [SimRelay] Initialized 9 relays (SIMULATED)
2026-03-30 10:01:39 [INFO] [relay] Logging initialised → logs\relay.log (level=INFO)
2026-03-30 10:01:39 [INFO] [relay.relay_process] [Relay] PID=1916 starting (9 relays)
2026-03-30 10:01:39 [INFO] [relay.relay_process] [SimRelay] Initialized 9 relays (SIMULATED)
2026-03-30 10:22:03 [INFO] [relay] Logging initialised → logs\relay.log (level=INFO)
2026-03-30 10:22:03 [INFO] [relay.relay_process] [Relay] PID=10640 starting (9 relays)
2026-03-30 10:22:03 [INFO] [relay.relay_process] [SimRelay] Initialized 9 relays (SIMULATED)
2026-03-30 11:05:51 [INFO] [relay] Logging initialised → logs\relay.log (level=INFO)
2026-03-30 11:05:51 [INFO] [relay.relay_process] [Relay] PID=12112 starting (9 relays)
2026-03-30 11:05:51 [INFO] [relay.relay_process] [SimRelay] Initialized 9 relays (SIMULATED)
2026-03-30 11:40:16 [INFO] [relay] Logging initialised → logs\relay.log (level=INFO)
2026-03-30 11:40:16 [INFO] [relay.relay_process] [Relay] PID=13956 starting (9 relays)
2026-03-30 11:40:16 [INFO] [relay.relay_process] [SimRelay] Initialized 9 relays (SIMULATED)
2026-03-30 11:44:25 [INFO] [relay] Logging initialised → logs\relay.log (level=INFO)
2026-03-30 11:44:25 [INFO] [relay.relay_process] [Relay] PID=10116 starting (9 relays)
2026-03-30 11:44:25 [INFO] [relay.relay_process] [SimRelay] Initialized 9 relays (SIMULATED)
2026-03-30 11:46:42 [INFO] [relay] Logging initialised → logs\relay.log (level=INFO)
2026-03-30 11:46:42 [INFO] [relay.relay_process] [Relay] PID=13168 starting (9 relays)
2026-03-30 11:46:42 [INFO] [relay.relay_process] [SimRelay] Initialized 9 relays (SIMULATED)
2026-03-30 12:30:22 [INFO] [relay] Logging initialised → logs\relay.log (level=INFO)
2026-03-30 12:30:22 [INFO] [relay.relay_process] [Relay] PID=8604 starting (9 relays)
2026-03-30 12:30:22 [INFO] [relay.relay_process] [SimRelay] Initialized 9 relays (SIMULATED)
2026-03-30 12:35:26 [INFO] [relay] Logging initialised → logs\relay.log (level=INFO)
2026-03-30 12:35:26 [INFO] [relay.relay_process] [Relay] PID=11660 starting (9 relays)
2026-03-30 12:35:26 [INFO] [relay.relay_process] [SimRelay] Initialized 9 relays (SIMULATED)
2026-03-30 19:20:16 [INFO] [relay] Logging initialised → logs\relay.log (level=INFO)
2026-03-30 19:20:16 [INFO] [relay.relay_process] [Relay] PID=9492 starting (9 relays)
2026-03-30 19:20:16 [INFO] [relay.relay_process] [SimRelay] Initialized 9 relays (SIMULATED)
2026-03-30 19:40:35 [INFO] [relay] Logging initialised → logs\relay.log (level=INFO)
2026-03-30 19:40:35 [INFO] [relay.relay_process] [Relay] PID=5772 starting (9 relays)
2026-03-30 19:40:35 [INFO] [relay.relay_process] [SimRelay] Initialized 9 relays (SIMULATED)
2026-03-30 19:41:36 [INFO] [relay] Logging initialised → logs\relay.log (level=INFO)
2026-03-30 19:41:36 [INFO] [relay.relay_process] [Relay] PID=9496 starting (9 relays)
2026-03-30 19:41:36 [INFO] [relay.relay_process] [SimRelay] Initialized 9 relays (SIMULATED)
2026-03-30 20:16:44 [INFO] [relay] Logging initialised → logs\relay.log (level=INFO)
2026-03-30 20:16:44 [INFO] [relay.relay_process] [Relay] PID=4808 starting (9 relays)
2026-03-30 20:16:44 [INFO] [relay.relay_process] [SimRelay] Initialized 9 relays (SIMULATED)
2026-03-30 20:22:05 [INFO] [relay] Logging initialised → logs\relay.log (level=INFO)
2026-03-30 20:22:05 [INFO] [relay.relay_process] [Relay] PID=11976 starting (9 relays)
2026-03-30 20:22:05 [INFO] [relay.relay_process] [SimRelay] Initialized 9 relays (SIMULATED)
2026-03-30 21:48:32 [INFO] [relay] Logging initialised → logs\relay.log (level=INFO)
2026-03-30 21:48:32 [INFO] [relay.relay_process] [Relay] PID=1240 starting (9 relays)
2026-03-30 21:48:32 [INFO] [relay.relay_process] [SimRelay] Initialized 9 relays (SIMULATED)
2026-03-30 21:50:14 [INFO] [relay] Logging initialised → logs\relay.log (level=INFO)
2026-03-30 21:50:14 [INFO] [relay.relay_process] [Relay] PID=9304 starting (9 relays)
2026-03-30 21:50:14 [INFO] [relay.relay_process] [SimRelay] Initialized 9 relays (SIMULATED)
2026-03-30 22:12:46 [INFO] [relay] Logging initialised → logs\relay.log (level=INFO)
2026-03-30 22:12:46 [INFO] [relay.relay_process] [Relay] PID=7568 starting (9 relays)
2026-03-30 22:12:46 [INFO] [relay.relay_process] [SimRelay] Initialized 9 relays (SIMULATED)
2026-03-30 22:25:11 [INFO] [relay] Logging initialised → logs\relay.log (level=INFO)
2026-03-30 22:25:11 [INFO] [relay.relay_process] [Relay] PID=3836 starting (9 relays)
2026-03-30 22:25:11 [INFO] [relay.relay_process] [SimRelay] Initialized 9 relays (SIMULATED)
2026-03-30 22:26:42 [INFO] [relay] Logging initialised → logs\relay.log (level=INFO)
2026-03-30 22:26:42 [INFO] [relay.relay_process] [Relay] PID=9592 starting (9 relays)
2026-03-30 22:26:42 [INFO] [relay.relay_process] [SimRelay] Initialized 9 relays (SIMULATED)
2026-03-30 22:51:31 [INFO] [relay] Logging initialised → logs\relay.log (level=INFO)
2026-03-30 22:51:31 [INFO] [relay.relay_process] [Relay] PID=2580 starting (9 relays)
2026-03-30 22:51:31 [INFO] [relay.relay_process] [SimRelay] Initialized 9 relays (SIMULATED)
2026-03-30 22:52:20 [INFO] [relay] Logging initialised → logs\relay.log (level=INFO)
2026-03-30 22:52:20 [INFO] [relay.relay_process] [Relay] PID=10472 starting (9 relays)
2026-03-30 22:52:20 [INFO] [relay.relay_process] [SimRelay] Initialized 9 relays (SIMULATED)
2026-03-30 22:59:25 [INFO] [relay] Logging initialised → logs\relay.log (level=INFO)
2026-03-30 22:59:25 [INFO] [relay.relay_process] [Relay] PID=2812 starting (9 relays)
2026-03-30 22:59:25 [INFO] [relay.relay_process] [SimRelay] Initialized 9 relays (SIMULATED)
2026-03-30 23:00:05 [INFO] [relay] Logging initialised → logs\relay.log (level=INFO)
2026-03-30 23:00:05 [INFO] [relay.relay_process] [Relay] PID=10252 starting (9 relays)
2026-03-30 23:00:05 [INFO] [relay.relay_process] [SimRelay] Initialized 9 relays (SIMULATED)
2026-03-30 23:18:06 [INFO] [relay] Logging initialised → logs\relay.log (level=INFO)
2026-03-30 23:18:06 [INFO] [relay.relay_process] [Relay] PID=3584 starting (9 relays)
2026-03-30 23:18:06 [INFO] [relay.relay_process] [SimRelay] Initialized 9 relays (SIMULATED)
2026-03-30 23:19:02 [INFO] [relay] Logging initialised → logs\relay.log (level=INFO)
2026-03-30 23:19:02 [INFO] [relay.relay_process] [Relay] PID=8928 starting (9 relays)
2026-03-30 23:19:02 [INFO] [relay.relay_process] [SimRelay] Initialized 9 relays (SIMULATED)
2026-03-30 23:35:25 [INFO] [relay] Logging initialised → logs\relay.log (level=INFO)
2026-03-30 23:35:25 [INFO] [relay.relay_process] [Relay] PID=10372 starting (9 relays)
2026-03-30 23:35:25 [INFO] [relay.relay_process] [SimRelay] Initialized 9 relays (SIMULATED)
2026-03-30 23:35:29 [INFO] [relay.relay_process] [Relay] Relay 1 → ON
2026-03-30 23:35:29 [INFO] [relay.relay_process] [Relay] Relay 2 → ON
2026-03-30 23:35:29 [INFO] [relay.relay_process] [Relay] Relay 3 → ON
2026-03-30 23:35:29 [INFO] [relay.relay_process] [Relay] Relay 4 → ON
2026-03-30 23:35:29 [INFO] [relay.relay_process] [Relay] Relay 5 → ON
2026-03-30 23:35:29 [INFO] [relay.relay_process] [Relay] Relay 6 → ON
2026-03-30 23:50:42 [INFO] [relay] Logging initialised → logs\relay.log (level=INFO)
2026-03-30 23:50:42 [INFO] [relay.relay_process] [Relay] PID=2564 starting (9 relays)
2026-03-30 23:50:42 [ERROR] [relay.relay_process] [PyhidRelay] pyhid_usb_relay not installed
2026-03-30 23:50:42 [WARNING] [relay.relay_process] Falling back to simulated relay
2026-03-30 23:50:42 [INFO] [relay.relay_process] [SimRelay] Initialized 9 relays (SIMULATED)
2026-03-30 23:50:46 [INFO] [relay.relay_process] [Relay] Relay 4 → ON
2026-03-30 23:50:46 [INFO] [relay.relay_process] [Relay] Relay 5 → ON
2026-03-30 23:50:46 [INFO] [relay.relay_process] [Relay] Relay 6 → ON
2026-03-30 23:50:46 [INFO] [relay.relay_process] [Relay] Relay 1 → ON
2026-03-30 23:50:46 [INFO] [relay.relay_process] [Relay] Relay 2 → ON
2026-03-30 23:50:46 [INFO] [relay.relay_process] [Relay] Relay 3 → ON
2026-03-30 23:52:27 [INFO] [relay] Logging initialised → logs\relay.log (level=INFO)
2026-03-30 23:52:27 [INFO] [relay.relay_process] [Relay] PID=5996 starting (9 relays)
2026-03-30 23:52:27 [ERROR] [relay.relay_process] [PyhidRelay] pyhid_usb_relay not installed
2026-03-30 23:52:27 [WARNING] [relay.relay_process] Falling back to simulated relay
2026-03-30 23:52:27 [INFO] [relay.relay_process] [SimRelay] Initialized 9 relays (SIMULATED)
2026-03-30 23:52:31 [INFO] [relay.relay_process] [Relay] Relay 1 → ON
2026-03-30 23:52:31 [INFO] [relay.relay_process] [Relay] Relay 2 → ON
2026-03-30 23:52:31 [INFO] [relay.relay_process] [Relay] Relay 3 → ON
2026-03-30 23:52:31 [INFO] [relay.relay_process] [Relay] Relay 4 → ON
2026-03-30 23:52:31 [INFO] [relay.relay_process] [Relay] Relay 5 → ON
2026-03-30 23:52:31 [INFO] [relay.relay_process] [Relay] Relay 6 → ON
2026-04-14 22:56:24 [INFO] [relay] Logging initialised → logs\relay.log (level=INFO)
2026-04-14 22:56:24 [INFO] [relay.relay_process] [Relay] PID=7220 starting (9 relays)
2026-04-14 22:56:24 [INFO] [relay.relay_process] [PyhidRelay] USB relay device found: <pyhid_usb_relay.controller.Controller object at 0x0000016B502784C0>
2026-04-14 22:56:29 [INFO] [relay.relay_process] [Relay] Relay 4 → ON
2026-04-14 22:56:29 [INFO] [relay.relay_process] [Relay] Relay 5 → ON
2026-04-14 22:56:29 [INFO] [relay.relay_process] [Relay] Relay 6 → ON
2026-04-14 23:10:53 [INFO] [relay] Logging initialised → logs\relay.log (level=INFO)
2026-04-14 23:10:53 [INFO] [relay.relay_process] [Relay] PID=11208 starting (9 relays)
2026-04-14 23:10:53 [INFO] [relay.relay_process] [PyhidRelay] USB relay device found: <pyhid_usb_relay.controller.Controller object at 0x000001A0F23E84C0>
2026-04-14 23:10:57 [INFO] [relay.relay_process] [Relay] Relay 4 → ON
2026-04-14 23:10:57 [INFO] [relay.relay_process] [Relay] Relay 5 → ON
2026-04-14 23:10:57 [INFO] [relay.relay_process] [Relay] Relay 6 → ON
2026-04-14 23:10:57 [INFO] [relay.relay_process] [Relay] Relay 1 → ON
2026-04-14 23:10:57 [INFO] [relay.relay_process] [Relay] Relay 2 → ON
2026-04-14 23:10:57 [INFO] [relay.relay_process] [Relay] Relay 3 → ON
2026-04-15 13:07:17 [INFO] [relay] Logging initialised → logs\relay.log (level=INFO)
2026-04-15 13:07:17 [INFO] [relay.relay_process] [Relay] PID=11784 starting (9 relays)
2026-04-15 13:07:18 [ERROR] [relay.relay_process] [PyhidRelay] Init error: No device found
2026-04-15 13:07:18 [WARNING] [relay.relay_process] [Relay] pyhid_usb_relay hardware unavailable — falling back to SIMULATED. Physical relay outputs will NOT fire. Check USB connection and install: pip install pyhid-usb-relay hid
2026-04-15 13:07:18 [INFO] [relay.relay_process] [SimRelay] Initialized 9 relays (SIMULATED)
2026-04-15 13:07:24 [INFO] [relay.relay_process] [Relay] Relay 1 → ON
2026-04-15 13:07:24 [INFO] [relay.relay_process] [Relay] Relay 2 → ON
2026-04-15 13:07:24 [INFO] [relay.relay_process] [Relay] Relay 3 → ON
2026-04-15 13:09:53 [INFO] [relay.relay_process] [Relay] Relay 4 → ON
2026-04-15 13:09:53 [INFO] [relay.relay_process] [Relay] Relay 5 → ON
2026-04-15 13:09:53 [INFO] [relay.relay_process] [Relay] Relay 6 → ON
2026-04-15 14:20:47 [INFO] [relay] Logging initialised → logs\relay.log (level=INFO)
2026-04-15 14:20:47 [INFO] [relay.relay_process] [Relay] PID=11240 starting (9 relays)
2026-04-15 14:20:47 [INFO] [relay.relay_process] [PyhidRelay] USB relay device found: <pyhid_usb_relay.controller.Controller object at 0x00000218F04F84C0>
2026-04-15 14:20:53 [INFO] [relay.relay_process] [Relay] Relay 4 → ON
2026-04-15 14:20:53 [INFO] [relay.relay_process] [Relay] Relay 5 → ON
2026-04-15 14:20:53 [INFO] [relay.relay_process] [Relay] Relay 6 → ON
2026-04-15 14:20:53 [INFO] [relay.relay_process] [Relay] Relay 1 → ON
2026-04-15 14:20:53 [INFO] [relay.relay_process] [Relay] Relay 2 → ON
2026-04-15 14:20:53 [INFO] [relay.relay_process] [Relay] Relay 3 → ON
2026-04-15 14:32:36 [ERROR] [relay.relay_process] [PyhidRelay] set_relay(ch=9, state=False) error: Index 9 is outside range [1..8]
2026-04-15 14:32:36 [INFO] [relay.relay_process] [relay] All relays forced OFF on exit
2026-04-15 15:06:14 [INFO] [relay] Logging initialised → logs\relay.log (level=INFO)
2026-04-15 15:06:14 [INFO] [relay.relay_process] [Relay] PID=9196 starting (9 relays)
2026-04-15 15:06:14 [INFO] [relay.relay_process] [PyhidRelay] USB relay device found: <pyhid_usb_relay.controller.Controller object at 0x000002B2189E84C0>
2026-04-15 15:08:12 [INFO] [relay.relay_process] [Relay] Relay 1 → ON
2026-04-15 15:08:12 [INFO] [relay.relay_process] [Relay] Relay 2 → ON
2026-04-15 15:08:12 [INFO] [relay.relay_process] [Relay] Relay 3 → ON
2026-04-15 15:08:49 [INFO] [relay.relay_process] [Relay] Relay 4 → ON
2026-04-15 15:08:49 [INFO] [relay.relay_process] [Relay] Relay 5 → ON
2026-04-15 15:08:49 [INFO] [relay.relay_process] [Relay] Relay 6 → ON
2026-04-15 15:09:48 [ERROR] [relay.relay_process] [PyhidRelay] set_relay(ch=9, state=False) error: Index 9 is outside range [1..8]
2026-04-15 15:09:48 [INFO] [relay.relay_process] [relay] All relays forced OFF on exit
2026-04-16 00:32:54 [INFO] [relay] Logging initialised → logs\relay.log (level=INFO)
2026-04-16 00:32:54 [INFO] [relay.relay_process] [Relay] PID=9232 starting (9 relays)
2026-04-16 00:32:54 [ERROR] [relay.relay_process] [PyhidRelay] Init error: No device found
2026-04-16 00:32:54 [WARNING] [relay.relay_process] [Relay] pyhid_usb_relay hardware unavailable — falling back to SIMULATED. Physical relay outputs will NOT fire. Check USB connection and install: pip install pyhid-usb-relay hid
2026-04-16 00:32:54 [INFO] [relay.relay_process] [SimRelay] Initialized 9 relays (SIMULATED)
2026-04-16 00:33:11 [INFO] [relay.relay_process] [relay] All relays forced OFF on exit
2026-04-16 00:33:29 [INFO] [relay] Logging initialised → logs\relay.log (level=INFO)
2026-04-16 00:33:29 [INFO] [relay.relay_process] [Relay] PID=5180 starting (9 relays)
2026-04-16 00:33:29 [ERROR] [relay.relay_process] [PyhidRelay] Init error: No device found
2026-04-16 00:33:29 [WARNING] [relay.relay_process] [Relay] pyhid_usb_relay hardware unavailable — falling back to SIMULATED. Physical relay outputs will NOT fire. Check USB connection and install: pip install pyhid-usb-relay hid
2026-04-16 00:33:29 [INFO] [relay.relay_process] [SimRelay] Initialized 9 relays (SIMULATED)
2026-04-16 00:33:34 [INFO] [relay.relay_process] [relay] All relays forced OFF on exit
2026-04-16 00:48:28 [INFO] [relay] Logging initialised → logs\relay.log (level=INFO)
2026-04-16 00:48:28 [INFO] [relay.relay_process] [Relay] PID=4512 starting (9 relays)
2026-04-16 00:48:29 [ERROR] [relay.relay_process] [PyhidRelay] Init error: No device found
2026-04-16 00:48:29 [WARNING] [relay.relay_process] [Relay] pyhid_usb_relay hardware unavailable — falling back to SIMULATED. Physical relay outputs will NOT fire. Check USB connection and install: pip install pyhid-usb-relay hid
2026-04-16 00:48:29 [INFO] [relay.relay_process] [SimRelay] Initialized 9 relays (SIMULATED)
2026-04-16 00:49:08 [INFO] [relay.relay_process] [relay] All relays forced OFF on exit
2026-04-16 00:55:12 [INFO] [relay] Logging initialised → logs\relay.log (level=INFO)
2026-04-16 00:55:12 [INFO] [relay.relay_process] [Relay] PID=3868 starting (9 relays)
2026-04-16 00:55:13 [ERROR] [relay.relay_process] [PyhidRelay] Init error: No device found
2026-04-16 00:55:13 [WARNING] [relay.relay_process] [Relay] pyhid_usb_relay hardware unavailable — falling back to SIMULATED. Physical relay outputs will NOT fire. Check USB connection and install: pip install pyhid-usb-relay hid
2026-04-16 00:55:13 [INFO] [relay.relay_process] [SimRelay] Initialized 9 relays (SIMULATED)
2026-04-16 00:55:16 [INFO] [relay.relay_process] [Relay] Relay 1 → ON
2026-04-16 00:55:16 [INFO] [relay.relay_process] [Relay] Relay 2 → ON
2026-04-16 00:55:16 [INFO] [relay.relay_process] [Relay] Relay 3 → ON
2026-04-16 00:55:16 [INFO] [relay.relay_process] [Relay] Relay 4 → ON
2026-04-16 00:55:16 [INFO] [relay.relay_process] [Relay] Relay 5 → ON
2026-04-16 00:55:16 [INFO] [relay.relay_process] [Relay] Relay 6 → ON
2026-04-16 01:00:05 [INFO] [relay.relay_process] [relay] All relays forced OFF on exit
2026-04-16 20:54:44 [INFO] [relay] Logging initialised → logs\relay.log (level=INFO)
2026-04-16 20:54:44 [INFO] [relay.relay_process] [Relay] PID=7760 starting (9 relays)
2026-04-16 20:54:44 [ERROR] [relay.relay_process] [PyhidRelay] Init error: 
2026-04-16 20:54:44 [WARNING] [relay.relay_process] [Relay] pyhid_usb_relay hardware unavailable — falling back to SIMULATED. Physical relay outputs will NOT fire. Check USB connection and install: pip install pyhid-usb-relay hid
2026-04-16 20:54:44 [INFO] [relay.relay_process] [SimRelay] Initialized 9 relays (SIMULATED)
2026-04-16 20:55:29 [INFO] [relay.relay_process] [relay] All relays forced OFF on exit
2026-04-16 21:02:30 [INFO] [relay] Logging initialised → logs\relay.log (level=INFO)
2026-04-16 21:02:30 [INFO] [relay.relay_process] [Relay] PID=24680 starting (9 relays)
2026-04-16 21:02:30 [ERROR] [relay.relay_process] [PyhidRelay] Init error: 
2026-04-16 21:02:30 [WARNING] [relay.relay_process] [Relay] pyhid_usb_relay hardware unavailable — falling back to SIMULATED. Physical relay outputs will NOT fire. Check USB connection and install: pip install pyhid-usb-relay hid
2026-04-16 21:02:30 [INFO] [relay.relay_process] [SimRelay] Initialized 9 relays (SIMULATED)
2026-04-16 21:02:36 [INFO] [relay.relay_process] [Relay] Relay 4 → ON
2026-04-16 21:02:36 [INFO] [relay.relay_process] [Relay] Relay 5 → ON
2026-04-16 21:02:36 [INFO] [relay.relay_process] [Relay] Relay 6 → ON
2026-04-16 21:03:03 [INFO] [relay.relay_process] [Relay] Relay 1 → ON
2026-04-16 21:03:03 [INFO] [relay.relay_process] [Relay] Relay 2 → ON
2026-04-16 21:03:03 [INFO] [relay.relay_process] [Relay] Relay 3 → ON
2026-04-16 22:21:04 [INFO] [relay.relay_process] [relay] All relays forced OFF on exit
2026-04-16 22:21:25 [INFO] [relay] Logging initialised → logs\relay.log (level=INFO)
2026-04-16 22:21:25 [INFO] [relay.relay_process] [Relay] PID=25908 starting (9 relays)
2026-04-16 22:21:25 [ERROR] [relay.relay_process] [PyhidRelay] Init error: 
2026-04-16 22:21:25 [WARNING] [relay.relay_process] [Relay] pyhid_usb_relay hardware unavailable — falling back to SIMULATED. Physical relay outputs will NOT fire. Check USB connection and install: pip install pyhid-usb-relay hid
2026-04-16 22:21:25 [INFO] [relay.relay_process] [SimRelay] Initialized 9 relays (SIMULATED)
2026-04-16 22:21:30 [INFO] [relay.relay_process] [Relay] Relay 1 → ON
2026-04-16 22:21:30 [INFO] [relay.relay_process] [Relay] Relay 2 → ON
2026-04-16 22:21:30 [INFO] [relay.relay_process] [Relay] Relay 3 → ON
2026-04-16 22:21:30 [INFO] [relay.relay_process] [Relay] Relay 4 → ON
2026-04-16 22:21:30 [INFO] [relay.relay_process] [Relay] Relay 5 → ON
2026-04-16 22:21:30 [INFO] [relay.relay_process] [Relay] Relay 6 → ON
2026-04-16 22:22:56 [INFO] [relay.relay_process] [relay] All relays forced OFF on exit
2026-04-16 22:23:19 [INFO] [relay] Logging initialised → logs\relay.log (level=INFO)
2026-04-16 22:23:19 [INFO] [relay.relay_process] [Relay] PID=28900 starting (9 relays)
2026-04-16 22:23:19 [ERROR] [relay.relay_process] [PyhidRelay] Init error: 
2026-04-16 22:23:19 [WARNING] [relay.relay_process] [Relay] pyhid_usb_relay hardware unavailable — falling back to SIMULATED. Physical relay outputs will NOT fire. Check USB connection and install: pip install pyhid-usb-relay hid
2026-04-16 22:23:19 [INFO] [relay.relay_process] [SimRelay] Initialized 9 relays (SIMULATED)
2026-04-16 22:23:25 [INFO] [relay.relay_process] [Relay] Relay 1 → ON
2026-04-16 22:23:25 [INFO] [relay.relay_process] [Relay] Relay 2 → ON
2026-04-16 22:23:25 [INFO] [relay.relay_process] [Relay] Relay 3 → ON
2026-04-16 22:23:25 [INFO] [relay.relay_process] [Relay] Relay 4 → ON
2026-04-16 22:23:25 [INFO] [relay.relay_process] [Relay] Relay 5 → ON
2026-04-16 22:23:25 [INFO] [relay.relay_process] [Relay] Relay 6 → ON
2026-04-16 22:33:48 [INFO] [relay.relay_process] [relay] All relays forced OFF on exit
2026-04-16 22:57:21 [INFO] [relay] Logging initialised → logs\relay.log (level=INFO)
2026-04-16 22:57:21 [INFO] [relay.relay_process] [Relay] PID=11396 starting (9 relays)
2026-04-16 22:57:21 [ERROR] [relay.relay_process] [PyhidRelay] Init error: 
2026-04-16 22:57:21 [WARNING] [relay.relay_process] [Relay] pyhid_usb_relay hardware unavailable — falling back to SIMULATED. Physical relay outputs will NOT fire. Check USB connection and install: pip install pyhid-usb-relay hid
2026-04-16 22:57:21 [INFO] [relay.relay_process] [SimRelay] Initialized 9 relays (SIMULATED)
2026-04-16 22:58:26 [INFO] [relay.relay_process] [relay] All relays forced OFF on exit
2026-04-16 22:58:53 [INFO] [relay] Logging initialised → logs\relay.log (level=INFO)
2026-04-16 22:58:53 [INFO] [relay.relay_process] [Relay] PID=29380 starting (9 relays)
2026-04-16 22:58:53 [ERROR] [relay.relay_process] [PyhidRelay] Init error: 
2026-04-16 22:58:53 [WARNING] [relay.relay_process] [Relay] pyhid_usb_relay hardware unavailable — falling back to SIMULATED. Physical relay outputs will NOT fire. Check USB connection and install: pip install pyhid-usb-relay hid
2026-04-16 22:58:53 [INFO] [relay.relay_process] [SimRelay] Initialized 9 relays (SIMULATED)
2026-04-16 22:59:31 [INFO] [relay.relay_process] [relay] All relays forced OFF on exit
2026-04-19 21:12:04 [INFO] [relay] Logging initialised → logs\relay.log (level=INFO)
2026-04-19 21:12:04 [INFO] [relay.relay_process] [Relay] PID=17636 starting (9 relays)
2026-04-19 21:12:04 [ERROR] [relay.relay_process] [PyhidRelay] Init error: 
2026-04-19 21:12:04 [WARNING] [relay.relay_process] [Relay] pyhid_usb_relay hardware unavailable — falling back to SIMULATED. Physical relay outputs will NOT fire. Check USB connection and install: pip install pyhid-usb-relay hid
2026-04-19 21:12:04 [INFO] [relay.relay_process] [SimRelay] Initialized 9 relays (SIMULATED)
2026-04-19 21:12:31 [INFO] [relay.relay_process] [relay] All relays forced OFF on exit
2026-04-19 21:17:01 [INFO] [relay] Logging initialised → logs\relay.log (level=INFO)
2026-04-19 21:17:01 [INFO] [relay.relay_process] [Relay] PID=16940 starting (9 relays)
2026-04-19 21:17:01 [ERROR] [relay.relay_process] [PyhidRelay] Init error: 
2026-04-19 21:17:01 [WARNING] [relay.relay_process] [Relay] pyhid_usb_relay hardware unavailable — falling back to SIMULATED. Physical relay outputs will NOT fire. Check USB connection and install: pip install pyhid-usb-relay hid
2026-04-19 21:17:01 [INFO] [relay.relay_process] [SimRelay] Initialized 9 relays (SIMULATED)
2026-04-19 21:17:08 [INFO] [relay.relay_process] [Relay] Relay 1 → ON
2026-04-19 21:17:08 [INFO] [relay.relay_process] [Relay] Relay 2 → ON
2026-04-19 21:17:08 [INFO] [relay.relay_process] [Relay] Relay 3 → ON
2026-04-19 21:17:08 [INFO] [relay.relay_process] [Relay] Relay 4 → ON
2026-04-19 21:17:08 [INFO] [relay.relay_process] [Relay] Relay 5 → ON
2026-04-19 21:17:08 [INFO] [relay.relay_process] [Relay] Relay 6 → ON
2026-04-19 21:18:15 [INFO] [relay.relay_process] [relay] All relays forced OFF on exit
2026-04-19 21:31:30 [INFO] [relay] Logging initialised → logs\relay.log (level=INFO)
2026-04-19 21:31:30 [INFO] [relay.relay_process] [Relay] PID=14704 starting (9 relays)
2026-04-19 21:31:31 [ERROR] [relay.relay_process] [PyhidRelay] Init error: 
2026-04-19 21:31:31 [WARNING] [relay.relay_process] [Relay] pyhid_usb_relay hardware unavailable — falling back to SIMULATED. Physical relay outputs will NOT fire. Check USB connection and install: pip install pyhid-usb-relay hid
2026-04-19 21:31:31 [INFO] [relay.relay_process] [SimRelay] Initialized 9 relays (SIMULATED)
2026-04-19 21:31:37 [INFO] [relay.relay_process] [Relay] Relay 1 → ON
2026-04-19 21:31:37 [INFO] [relay.relay_process] [Relay] Relay 2 → ON
2026-04-19 21:31:37 [INFO] [relay.relay_process] [Relay] Relay 3 → ON
2026-04-19 21:31:37 [INFO] [relay.relay_process] [Relay] Relay 4 → ON
2026-04-19 21:31:37 [INFO] [relay.relay_process] [Relay] Relay 5 → ON
2026-04-19 21:31:37 [INFO] [relay.relay_process] [Relay] Relay 6 → ON
2026-04-19 21:35:01 [INFO] [relay.relay_process] [relay] All relays forced OFF on exit
2026-04-19 21:35:16 [INFO] [relay] Logging initialised → logs\relay.log (level=INFO)
2026-04-19 21:35:16 [INFO] [relay.relay_process] [Relay] PID=25412 starting (9 relays)
2026-04-19 21:35:16 [ERROR] [relay.relay_process] [PyhidRelay] Init error: 
2026-04-19 21:35:16 [WARNING] [relay.relay_process] [Relay] pyhid_usb_relay hardware unavailable — falling back to SIMULATED. Physical relay outputs will NOT fire. Check USB connection and install: pip install pyhid-usb-relay hid
2026-04-19 21:35:16 [INFO] [relay.relay_process] [SimRelay] Initialized 9 relays (SIMULATED)
2026-04-19 21:35:22 [INFO] [relay.relay_process] [Relay] Relay 4 → ON
2026-04-19 21:35:22 [INFO] [relay.relay_process] [Relay] Relay 5 → ON
2026-04-19 21:35:22 [INFO] [relay.relay_process] [Relay] Relay 6 → ON
2026-04-19 21:35:22 [INFO] [relay.relay_process] [Relay] Relay 1 → ON
2026-04-19 21:35:22 [INFO] [relay.relay_process] [Relay] Relay 2 → ON
2026-04-19 21:35:22 [INFO] [relay.relay_process] [Relay] Relay 3 → ON
2026-04-19 21:35:38 [INFO] [relay.relay_process] [relay] All relays forced OFF on exit
2026-04-19 21:38:43 [INFO] [relay] Logging initialised → logs\relay.log (level=INFO)
2026-04-19 21:38:43 [INFO] [relay.relay_process] [Relay] PID=13452 starting (9 relays)
2026-04-19 21:38:43 [INFO] [relay.relay_process] [PyhidRelay] USB relay device found: <pyhid_usb_relay.controller.Controller object at 0x0000021916234760>
2026-04-19 21:38:50 [INFO] [relay.relay_process] [Relay] Relay 1 → ON
2026-04-19 21:38:50 [INFO] [relay.relay_process] [Relay] Relay 2 → ON
2026-04-19 21:38:50 [INFO] [relay.relay_process] [Relay] Relay 3 → ON
2026-04-19 21:38:50 [INFO] [relay.relay_process] [Relay] Relay 4 → ON
2026-04-19 21:38:50 [INFO] [relay.relay_process] [Relay] Relay 5 → ON
2026-04-19 21:38:50 [INFO] [relay.relay_process] [Relay] Relay 6 → ON
2026-04-19 21:41:23 [ERROR] [relay.relay_process] [PyhidRelay] set_relay(ch=9, state=False) error: Index 9 is outside range [1..8]
2026-04-19 21:41:23 [INFO] [relay.relay_process] [relay] All relays forced OFF on exit
2026-04-19 21:53:42 [INFO] [relay] Logging initialised → logs\relay.log (level=INFO)
2026-04-19 21:53:42 [INFO] [relay.relay_process] [Relay] PID=3696 starting (9 relays)
2026-04-19 21:53:43 [INFO] [relay.relay_process] [PyhidRelay] USB relay device found: <pyhid_usb_relay.controller.Controller object at 0x000001C567254760>
2026-04-19 21:53:47 [INFO] [relay.relay_process] [Relay] Relay 1 → ON
2026-04-19 21:53:47 [INFO] [relay.relay_process] [Relay] Relay 2 → ON
2026-04-19 21:53:47 [INFO] [relay.relay_process] [Relay] Relay 3 → ON
2026-04-19 21:53:47 [INFO] [relay.relay_process] [Relay] Relay 4 → ON
2026-04-19 21:53:47 [INFO] [relay.relay_process] [Relay] Relay 5 → ON
2026-04-19 21:53:47 [INFO] [relay.relay_process] [Relay] Relay 6 → ON
2026-04-19 21:55:21 [ERROR] [relay.relay_process] [PyhidRelay] set_relay(ch=9, state=False) error: Index 9 is outside range [1..8]
2026-04-19 21:55:21 [INFO] [relay.relay_process] [relay] All relays forced OFF on exit
2026-04-19 21:59:33 [INFO] [relay] Logging initialised → logs\relay.log (level=INFO)
2026-04-19 21:59:33 [INFO] [relay.relay_process] [Relay] PID=1596 starting (9 relays)
2026-04-19 21:59:33 [INFO] [relay.relay_process] [PyhidRelay] USB relay device found: <pyhid_usb_relay.controller.Controller object at 0x00000239DEC34760>
2026-04-19 21:59:39 [INFO] [relay.relay_process] [Relay] Relay 1 → ON
2026-04-19 21:59:39 [INFO] [relay.relay_process] [Relay] Relay 2 → ON
2026-04-19 21:59:39 [INFO] [relay.relay_process] [Relay] Relay 3 → ON
2026-04-19 21:59:39 [INFO] [relay.relay_process] [Relay] Relay 4 → ON
2026-04-19 21:59:39 [INFO] [relay.relay_process] [Relay] Relay 5 → ON
2026-04-19 21:59:39 [INFO] [relay.relay_process] [Relay] Relay 6 → ON
2026-04-19 22:01:40 [ERROR] [relay.relay_process] [PyhidRelay] set_relay(ch=9, state=False) error: Index 9 is outside range [1..8]
2026-04-19 22:01:40 [INFO] [relay.relay_process] [relay] All relays forced OFF on exit
2026-04-19 22:14:26 [INFO] [relay] Logging initialised → logs\relay.log (level=INFO)
2026-04-19 22:14:26 [INFO] [relay.relay_process] [Relay] PID=6072 starting (9 relays)
2026-04-19 22:14:26 [INFO] [relay.relay_process] [PyhidRelay] USB relay device found: <pyhid_usb_relay.controller.Controller object at 0x0000025E81084760>
2026-04-19 22:14:34 [INFO] [relay.relay_process] [Relay] Relay 1 → ON
2026-04-19 22:14:34 [INFO] [relay.relay_process] [Relay] Relay 2 → ON
2026-04-19 22:14:34 [INFO] [relay.relay_process] [Relay] Relay 3 → ON
2026-04-19 22:14:34 [INFO] [relay.relay_process] [Relay] Relay 4 → ON
2026-04-19 22:14:34 [INFO] [relay.relay_process] [Relay] Relay 5 → ON
2026-04-19 22:14:34 [INFO] [relay.relay_process] [Relay] Relay 6 → ON
2026-04-19 22:15:20 [ERROR] [relay.relay_process] [PyhidRelay] set_relay(ch=9, state=False) error: Index 9 is outside range [1..8]
2026-04-19 22:15:20 [INFO] [relay.relay_process] [relay] All relays forced OFF on exit
2026-04-22 15:24:11 [INFO] [relay] Logging initialised → logs\relay.log (level=INFO)
2026-04-22 15:24:11 [INFO] [relay.relay_process] [Relay] PID=24144 starting (9 relays)
2026-04-22 15:24:11 [ERROR] [relay.relay_process] [PyhidRelay] Init error: No device found
2026-04-22 15:24:11 [WARNING] [relay.relay_process] [Relay] pyhid_usb_relay hardware unavailable — falling back to SIMULATED. Physical relay outputs will NOT fire. Check USB connection and install: pip install pyhid-usb-relay hid
2026-04-22 15:24:11 [INFO] [relay.relay_process] [SimRelay] Initialized 9 relays (SIMULATED)
2026-04-22 15:29:24 [INFO] [relay] Logging initialised → logs\relay.log (level=INFO)
2026-04-22 15:29:24 [INFO] [relay.relay_process] [Relay] PID=29048 starting (9 relays)
2026-04-22 15:29:24 [ERROR] [relay.relay_process] [PyhidRelay] Init error: No device found
2026-04-22 15:29:24 [WARNING] [relay.relay_process] [Relay] pyhid_usb_relay hardware unavailable — falling back to SIMULATED. Physical relay outputs will NOT fire. Check USB connection and install: pip install pyhid-usb-relay hid
2026-04-22 15:29:24 [INFO] [relay.relay_process] [SimRelay] Initialized 9 relays (SIMULATED)
2026-04-22 15:29:42 [INFO] [relay.relay_process] [relay] All relays forced OFF on exit
2026-04-27 04:11:22 [INFO] [relay] Logging initialised → logs\relay.log (level=INFO)
2026-04-27 04:11:22 [INFO] [relay.relay_process] [Relay] PID=11324 starting (9 relays)
2026-04-27 04:11:22 [INFO] [relay.relay_process] [PyhidRelay] USB relay device found: <pyhid_usb_relay.controller.Controller object at 0x0000019261F74760>
2026-04-27 04:11:32 [ERROR] [relay.relay_process] [PyhidRelay] set_relay(ch=9, state=False) error: Index 9 is outside range [1..8]
2026-04-27 04:11:32 [INFO] [relay.relay_process] [relay] All relays forced OFF on exit
2026-04-27 04:49:42 [INFO] [relay] Logging initialised → logs\relay.log (level=INFO)
2026-04-27 04:49:42 [INFO] [relay.relay_process] [Relay] PID=27704 starting (9 relays)
2026-04-27 04:49:42 [ERROR] [relay.relay_process] [PyhidRelay] Init error: No device found
2026-04-27 04:49:42 [WARNING] [relay.relay_process] [Relay] pyhid_usb_relay hardware unavailable — falling back to SIMULATED. Physical relay outputs will NOT fire. Check USB connection and install: pip install pyhid-usb-relay hid
2026-04-27 04:49:42 [INFO] [relay.relay_process] [SimRelay] Initialized 9 relays (SIMULATED)
2026-04-27 04:50:56 [INFO] [relay.relay_process] [relay] All relays forced OFF on exit
2026-04-27 04:50:59 [INFO] [relay] Logging initialised → logs\relay.log (level=INFO)
2026-04-27 04:50:59 [INFO] [relay.relay_process] [Relay] PID=29348 starting (9 relays)
2026-04-27 04:50:59 [ERROR] [relay.relay_process] [PyhidRelay] Init error: No device found
2026-04-27 04:50:59 [WARNING] [relay.relay_process] [Relay] pyhid_usb_relay hardware unavailable — falling back to SIMULATED. Physical relay outputs will NOT fire. Check USB connection and install: pip install pyhid-usb-relay hid
2026-04-27 04:50:59 [INFO] [relay.relay_process] [SimRelay] Initialized 9 relays (SIMULATED)
2026-04-27 04:51:05 [INFO] [relay.relay_process] [Relay] Relay 1 → ON
2026-04-27 04:51:05 [INFO] [relay.relay_process] [Relay] Relay 2 → ON
2026-04-27 04:51:05 [INFO] [relay.relay_process] [Relay] Relay 3 → ON
2026-04-27 04:53:11 [INFO] [relay.relay_process] [relay] All relays forced OFF on exit
2026-05-10 15:54:48 [INFO] [relay] Logging initialised → logs\relay.log (level=INFO)
2026-05-10 15:54:48 [INFO] [relay.relay_process] [Relay] PID=17464 starting (9 relays)
2026-05-10 15:54:48 [CRITICAL] [relay.relay_process] [relay] Fatal: 'RelayConfig' object has no attribute 'library'
Traceback (most recent call last):
  File "d:\New folder\pc 3\vision_system\relay\relay_process.py", line 301, in relay_process_entry
    worker.run()
  File "d:\New folder\pc 3\vision_system\relay\relay_process.py", line 131, in run
    self._driver = build_relay_driver(self.rcfg.library, self.rcfg.relay_count)
AttributeError: 'RelayConfig' object has no attribute 'library'
2026-05-10 15:55:08 [INFO] [relay] Logging initialised → logs\relay.log (level=INFO)
2026-05-10 15:55:08 [INFO] [relay.relay_process] [Relay] PID=25536 starting (9 relays)
2026-05-10 15:55:08 [CRITICAL] [relay.relay_process] [relay] Fatal: 'RelayConfig' object has no attribute 'library'
Traceback (most recent call last):
  File "d:\New folder\pc 3\vision_system\relay\relay_process.py", line 301, in relay_process_entry
    worker.run()
  File "d:\New folder\pc 3\vision_system\relay\relay_process.py", line 131, in run
    self._driver = build_relay_driver(self.rcfg.library, self.rcfg.relay_count)
AttributeError: 'RelayConfig' object has no attribute 'library'
2026-05-10 15:55:19 [INFO] [relay] Logging initialised → logs\relay.log (level=INFO)
2026-05-10 15:55:19 [INFO] [relay.relay_process] [Relay] PID=18652 starting (9 relays)
2026-05-10 15:55:19 [CRITICAL] [relay.relay_process] [relay] Fatal: 'RelayConfig' object has no attribute 'library'
Traceback (most recent call last):
  File "d:\New folder\pc 3\vision_system\relay\relay_process.py", line 301, in relay_process_entry
    worker.run()
  File "d:\New folder\pc 3\vision_system\relay\relay_process.py", line 131, in run
    self._driver = build_relay_driver(self.rcfg.library, self.rcfg.relay_count)
AttributeError: 'RelayConfig' object has no attribute 'library'
2026-05-10 15:55:35 [INFO] [relay] Logging initialised → logs\relay.log (level=INFO)
2026-05-10 15:55:35 [INFO] [relay.relay_process] [Relay] PID=16236 starting (9 relays)
2026-05-10 15:55:35 [CRITICAL] [relay.relay_process] [relay] Fatal: 'RelayConfig' object has no attribute 'library'
Traceback (most recent call last):
  File "d:\New folder\pc 3\vision_system\relay\relay_process.py", line 301, in relay_process_entry
    worker.run()
  File "d:\New folder\pc 3\vision_system\relay\relay_process.py", line 131, in run
    self._driver = build_relay_driver(self.rcfg.library, self.rcfg.relay_count)
AttributeError: 'RelayConfig' object has no attribute 'library'
2026-05-10 15:55:56 [INFO] [relay] Logging initialised → logs\relay.log (level=INFO)
2026-05-10 15:55:56 [INFO] [relay.relay_process] [Relay] PID=28472 starting (9 relays)
2026-05-10 15:55:56 [CRITICAL] [relay.relay_process] [relay] Fatal: 'RelayConfig' object has no attribute 'library'
Traceback (most recent call last):
  File "d:\New folder\pc 3\vision_system\relay\relay_process.py", line 301, in relay_process_entry
    worker.run()
  File "d:\New folder\pc 3\vision_system\relay\relay_process.py", line 131, in run
    self._driver = build_relay_driver(self.rcfg.library, self.rcfg.relay_count)
AttributeError: 'RelayConfig' object has no attribute 'library'
2026-05-10 16:01:50 [INFO] [relay] Logging initialised → logs\relay.log (level=INFO)
2026-05-10 16:01:50 [INFO] [relay.relay_process] [Relay] PID=832 starting  backend=usb  relays=9
2026-05-10 16:01:50 [ERROR] [relay.backends.usb_backend] [USBBackend] connect error: No device found
2026-05-10 16:01:50 [WARNING] [relay.relay_process] [Relay] Backend 'usb' connect failed at startup — outputs will NOT fire
2026-05-10 16:01:59 [INFO] [relay.relay_process] [RelayBackend] Switching  usb → modbus
2026-05-10 16:01:59 [WARNING] [relay.backends.usb_backend] [USBBackend] set_state ch1=False failed: Device not connected — attempting reconnect
2026-05-10 16:01:59 [WARNING] [relay.backends.usb_backend] [USBBackend] Reconnecting USB device...
2026-05-10 16:02:02 [ERROR] [relay.backends.usb_backend] [USBBackend] Reconnect failed after 3 attempts
2026-05-10 16:02:02 [WARNING] [relay.backends.usb_backend] [USBBackend] set_state ch2=False failed: Device not connected — attempting reconnect
2026-05-10 16:02:02 [WARNING] [relay.backends.usb_backend] [USBBackend] Reconnecting USB device...
2026-05-10 16:02:05 [ERROR] [relay.backends.usb_backend] [USBBackend] Reconnect failed after 3 attempts
2026-05-10 16:02:05 [WARNING] [relay.backends.usb_backend] [USBBackend] set_state ch3=False failed: Device not connected — attempting reconnect
2026-05-10 16:02:05 [WARNING] [relay.backends.usb_backend] [USBBackend] Reconnecting USB device...
2026-05-10 16:02:08 [ERROR] [relay.backends.usb_backend] [USBBackend] Reconnect failed after 3 attempts
2026-05-10 16:02:08 [WARNING] [relay.backends.usb_backend] [USBBackend] set_state ch4=False failed: Device not connected — attempting reconnect
2026-05-10 16:02:08 [WARNING] [relay.backends.usb_backend] [USBBackend] Reconnecting USB device...
2026-05-10 16:02:11 [ERROR] [relay.backends.usb_backend] [USBBackend] Reconnect failed after 3 attempts
2026-05-10 16:02:11 [WARNING] [relay.backends.usb_backend] [USBBackend] set_state ch5=False failed: Device not connected — attempting reconnect
2026-05-10 16:02:11 [WARNING] [relay.backends.usb_backend] [USBBackend] Reconnecting USB device...
2026-05-10 16:02:14 [ERROR] [relay.backends.usb_backend] [USBBackend] Reconnect failed after 3 attempts
2026-05-10 16:02:14 [WARNING] [relay.backends.usb_backend] [USBBackend] set_state ch6=False failed: Device not connected — attempting reconnect
2026-05-10 16:02:14 [WARNING] [relay.backends.usb_backend] [USBBackend] Reconnecting USB device...
2026-05-10 16:02:18 [ERROR] [relay.backends.usb_backend] [USBBackend] Reconnect failed after 3 attempts
2026-05-10 16:02:18 [WARNING] [relay.backends.usb_backend] [USBBackend] set_state ch7=False failed: Device not connected — attempting reconnect
2026-05-10 16:02:18 [WARNING] [relay.backends.usb_backend] [USBBackend] Reconnecting USB device...
2026-05-10 16:02:21 [ERROR] [relay.backends.usb_backend] [USBBackend] Reconnect failed after 3 attempts
2026-05-10 16:02:21 [WARNING] [relay.backends.usb_backend] [USBBackend] set_state ch8=False failed: Device not connected — attempting reconnect
2026-05-10 16:02:21 [WARNING] [relay.backends.usb_backend] [USBBackend] Reconnecting USB device...
2026-05-10 16:02:24 [ERROR] [relay.backends.usb_backend] [USBBackend] Reconnect failed after 3 attempts
2026-05-10 16:02:24 [WARNING] [relay.backends.usb_backend] [USBBackend] set_state ch9=False failed: Device not connected — attempting reconnect
2026-05-10 16:02:24 [WARNING] [relay.backends.usb_backend] [USBBackend] Reconnecting USB device...
2026-05-10 16:03:48 [INFO] [relay] Logging initialised → logs\relay.log (level=INFO)
2026-05-10 16:03:48 [INFO] [relay.relay_process] [Relay] PID=8516 starting  backend=usb  relays=9
2026-05-10 16:03:48 [ERROR] [relay.backends.usb_backend] [USBBackend] connect error: No device found
2026-05-10 16:03:48 [WARNING] [relay.relay_process] [Relay] Backend 'usb' connect failed at startup — outputs will NOT fire
2026-05-10 16:18:44 [INFO] [relay] Logging initialised → logs\relay.log (level=INFO)
2026-05-10 16:18:44 [INFO] [relay.relay_process] [Relay] PID=15060 starting  backend=modbus  relays=9
2026-05-10 16:18:44 [INFO] [relay.backends.modbus_backend] [ModbusBackend] Connected to 192.168.1.200:502  slave=1
2026-05-10 16:18:44 [INFO] [relay.relay_process] [Relay] Backend 'modbus' connected and outputs cleared
2026-05-10 16:19:15 [INFO] [relay.relay_process] [RelayBackend] Switching  modbus → usb
2026-05-10 16:19:15 [INFO] [relay.backends.modbus_backend] [ModbusBackend] Disconnected from 192.168.1.200:502
2026-05-10 16:19:16 [ERROR] [relay.backends.usb_backend] [USBBackend] connect error: No device found
2026-05-10 16:19:16 [ERROR] [relay.relay_process] [RelayBackend] New backend 'usb' connect FAILED → rolling back to 'modbus'
2026-05-10 16:19:16 [WARNING] [relay.relay_process] [RelayBackend] Rolling back to 'modbus'
2026-05-10 16:19:16 [INFO] [relay.backends.modbus_backend] [ModbusBackend] Connected to 192.168.1.200:502  slave=1
2026-05-10 16:19:16 [INFO] [relay.relay_process] [RelayBackend] Rollback to 'modbus' SUCCESSFUL
2026-05-10 16:20:07 [INFO] [relay] Logging initialised → logs\relay.log (level=INFO)
2026-05-10 16:20:07 [INFO] [relay.relay_process] [Relay] PID=5336 starting  backend=modbus  relays=9
2026-05-10 16:20:07 [INFO] [relay.backends.modbus_backend] [ModbusBackend] Connected to 192.168.1.200:502  slave=1
2026-05-10 16:20:08 [INFO] [relay.relay_process] [Relay] Backend 'modbus' connected and outputs cleared
2026-05-10 16:21:54 [INFO] [relay.relay_process] [RelayBackend] Switching  modbus → usb
2026-05-10 16:21:54 [ERROR] [relay.backends.modbus_backend] [ModbusBackend] all_off error: [WinError 10054] An existing connection was forcibly closed by the remote host
2026-05-10 16:21:54 [INFO] [relay.backends.modbus_backend] [ModbusBackend] Disconnected from 192.168.1.200:502
2026-05-10 16:21:55 [ERROR] [relay.backends.usb_backend] [USBBackend] connect error: No device found
2026-05-10 16:21:55 [ERROR] [relay.relay_process] [RelayBackend] New backend 'usb' connect FAILED → rolling back to 'modbus'
2026-05-10 16:21:55 [WARNING] [relay.relay_process] [RelayBackend] Rolling back to 'modbus'
2026-05-10 16:21:57 [ERROR] [pymodbus.logging] Connection to (192.168.1.200, 502) failed: timed out
2026-05-10 16:21:57 [ERROR] [relay.backends.modbus_backend] [ModbusBackend] Could not connect to Modbus relay at 192.168.1.200:502
2026-05-10 16:21:57 [ERROR] [relay.relay_process] [RelayBackend] Both 'modbus' and rollback failed — using SIMULATED backend. Physical relay outputs will NOT fire until manual recovery.
2026-05-10 16:21:57 [WARNING] [relay.relay_process] [SimBackend] SIMULATED relay — physical outputs will NOT fire
2026-05-10 16:22:05 [INFO] [relay.relay_process] [RelayBackend] Switching  simulated → modbus
2026-05-10 16:22:05 [INFO] [relay.relay_process] [SimBackend] Disconnected (simulated)
2026-05-10 16:22:07 [ERROR] [pymodbus.logging] Repeating....
2026-05-10 16:22:07 [ERROR] [relay.backends.modbus_backend] [ModbusBackend] Could not connect to Modbus relay at 192.168.1.200:502
2026-05-10 16:22:07 [ERROR] [relay.relay_process] [RelayBackend] New backend 'modbus' connect FAILED → rolling back to 'simulated'
2026-05-10 16:22:07 [WARNING] [relay.relay_process] [RelayBackend] Rolling back to 'simulated'
2026-05-10 16:22:07 [WARNING] [relay.relay_process] [SimBackend] SIMULATED relay — physical outputs will NOT fire
2026-05-10 16:22:07 [INFO] [relay.relay_process] [RelayBackend] Rollback to 'simulated' SUCCESSFUL
2026-05-10 16:38:04 [INFO] [relay] Logging initialised → logs\relay.log (level=INFO)
2026-05-10 16:38:04 [INFO] [relay.relay_process] [Relay] PID=15636 starting  backend=modbus  relays=9
2026-05-10 16:38:04 [INFO] [relay.backends.modbus_backend] [ModbusBackend] Connected to 192.168.1.200:502  slave=1
2026-05-10 16:38:04 [INFO] [relay.relay_process] [Relay] Backend 'modbus' connected and outputs cleared
2026-05-10 16:38:04 [INFO] [relay.relay_process] [Relay] Running blink test on 'modbus' (9 relays)...
2026-05-10 16:38:06 [INFO] [relay.relay_process] [Relay] Blink test complete — all 9 relays cycled
2026-05-10 16:38:35 [WARNING] [relay.backends.modbus_backend] [ModbusBackend] health_check failed: [WinError 10054] An existing connection was forcibly closed by the remote host
2026-05-10 16:38:35 [WARNING] [relay.relay_process] [Relay] Backend 'modbus' health check FAILED (consecutive=1): [WinError 10054] An existing connection was forcibly closed by the remote host
2026-05-10 16:38:45 [WARNING] [relay.backends.modbus_backend] [ModbusBackend] Reconnecting to 192.168.1.200:502...
2026-05-10 16:38:48 [ERROR] [pymodbus.logging] Connection to (192.168.1.200, 502) failed: timed out
2026-05-10 16:38:48 [ERROR] [relay.backends.modbus_backend] [ModbusBackend] Could not connect to Modbus relay at 192.168.1.200:502
2026-05-10 16:38:52 [ERROR] [pymodbus.logging] Repeating....
2026-05-10 16:38:52 [ERROR] [relay.backends.modbus_backend] [ModbusBackend] Could not connect to Modbus relay at 192.168.1.200:502
2026-05-10 16:38:57 [ERROR] [pymodbus.logging] Connection to (192.168.1.200, 502) failed: timed out
2026-05-10 16:38:57 [ERROR] [relay.backends.modbus_backend] [ModbusBackend] Could not connect to Modbus relay at 192.168.1.200:502
2026-05-10 16:38:57 [ERROR] [relay.backends.modbus_backend] [ModbusBackend] Reconnect to 192.168.1.200:502 failed after 3 attempts
2026-05-10 16:38:57 [WARNING] [relay.relay_process] [Relay] Backend 'modbus' health check FAILED (consecutive=2): Reconnect to 192.168.1.200:502 failed after 3 attempts
2026-05-10 16:38:58 [WARNING] [relay.backends.modbus_backend] [ModbusBackend] Reconnecting to 192.168.1.200:502...
2026-05-10 16:39:11 [INFO] [relay] Logging initialised → logs\relay.log (level=INFO)
2026-05-10 16:39:11 [INFO] [relay.relay_process] [Relay] PID=21060 starting  backend=modbus  relays=9
2026-05-10 16:39:13 [ERROR] [pymodbus.logging] Connection to (192.168.1.200, 502) failed: timed out
2026-05-10 16:39:13 [ERROR] [relay.backends.modbus_backend] [ModbusBackend] Could not connect to Modbus relay at 192.168.1.200:502
2026-05-10 16:39:13 [WARNING] [relay.relay_process] [Relay] Backend 'modbus' connect failed at startup — outputs will NOT fire
2026-05-10 16:39:18 [INFO] [relay.relay_process] [RelayBackend] Switching  modbus → usb
2026-05-10 16:39:18 [WARNING] [relay.backends.modbus_backend] [ModbusBackend] Reconnecting to 192.168.1.200:502...
2026-05-10 16:39:21 [ERROR] [pymodbus.logging] Repeating....
2026-05-10 16:39:21 [ERROR] [relay.backends.modbus_backend] [ModbusBackend] Could not connect to Modbus relay at 192.168.1.200:502
2026-05-10 16:39:25 [ERROR] [pymodbus.logging] Connection to (192.168.1.200, 502) failed: timed out
2026-05-10 16:39:25 [ERROR] [relay.backends.modbus_backend] [ModbusBackend] Could not connect to Modbus relay at 192.168.1.200:502
2026-05-10 16:39:30 [ERROR] [pymodbus.logging] Connection to (192.168.1.200, 502) failed: timed out
2026-05-10 16:39:30 [ERROR] [relay.backends.modbus_backend] [ModbusBackend] Could not connect to Modbus relay at 192.168.1.200:502
2026-05-10 16:39:30 [ERROR] [relay.backends.modbus_backend] [ModbusBackend] Reconnect to 192.168.1.200:502 failed after 3 attempts
2026-05-10 16:39:30 [INFO] [relay.backends.modbus_backend] [ModbusBackend] Disconnected from 192.168.1.200:502
2026-05-10 16:39:30 [INFO] [relay.backends.usb_backend] [USBBackend] Connected: <pyhid_usb_relay.controller.Controller object at 0x0000020297370610>
2026-05-10 16:39:30 [INFO] [relay.relay_process] [RelayBackend] Switch to 'usb' COMPLETE
2026-05-10 16:39:30 [INFO] [relay.relay_process] [Relay] Backend is already 'usb' — ignoring switch request
2026-05-10 16:39:54 [INFO] [relay] Logging initialised → logs\relay.log (level=INFO)
2026-05-10 16:39:54 [INFO] [relay.relay_process] [Relay] PID=28248 starting  backend=usb  relays=9
2026-05-10 16:39:54 [INFO] [relay.backends.usb_backend] [USBBackend] Connected: <pyhid_usb_relay.controller.Controller object at 0x000001EB3B9E0850>
2026-05-10 16:39:54 [WARNING] [relay.backends.usb_backend] [USBBackend] set_state ch3=False failed: Index 3 is outside range [1..2] — attempting reconnect
2026-05-10 16:39:54 [WARNING] [relay.backends.usb_backend] [USBBackend] Reconnecting USB device...
2026-05-10 16:39:55 [INFO] [relay.backends.usb_backend] [USBBackend] Reconnected on attempt 1
2026-05-10 16:39:55 [ERROR] [relay.backends.usb_backend] [USBBackend] Retry set_state ch3=False failed: Index 3 is outside range [1..2]
2026-05-10 16:39:55 [WARNING] [relay.backends.usb_backend] [USBBackend] set_state ch4=False failed: Index 4 is outside range [1..2] — attempting reconnect
2026-05-10 16:39:55 [WARNING] [relay.backends.usb_backend] [USBBackend] Reconnecting USB device...
2026-05-10 16:39:55 [INFO] [relay.backends.usb_backend] [USBBackend] Reconnected on attempt 1
2026-05-10 16:39:55 [ERROR] [relay.backends.usb_backend] [USBBackend] Retry set_state ch4=False failed: Index 4 is outside range [1..2]
2026-05-10 16:39:55 [WARNING] [relay.backends.usb_backend] [USBBackend] set_state ch5=False failed: Index 5 is outside range [1..2] — attempting reconnect
2026-05-10 16:39:55 [WARNING] [relay.backends.usb_backend] [USBBackend] Reconnecting USB device...
2026-05-10 16:39:56 [INFO] [relay.backends.usb_backend] [USBBackend] Reconnected on attempt 1
2026-05-10 16:39:56 [ERROR] [relay.backends.usb_backend] [USBBackend] Retry set_state ch5=False failed: Index 5 is outside range [1..2]
2026-05-10 16:39:56 [WARNING] [relay.backends.usb_backend] [USBBackend] set_state ch6=False failed: Index 6 is outside range [1..2] — attempting reconnect
2026-05-10 16:39:56 [WARNING] [relay.backends.usb_backend] [USBBackend] Reconnecting USB device...
2026-05-10 16:39:56 [INFO] [relay.backends.usb_backend] [USBBackend] Reconnected on attempt 1
2026-05-10 16:39:56 [ERROR] [relay.backends.usb_backend] [USBBackend] Retry set_state ch6=False failed: Index 6 is outside range [1..2]
2026-05-10 16:39:56 [WARNING] [relay.backends.usb_backend] [USBBackend] set_state ch7=False failed: Index 7 is outside range [1..2] — attempting reconnect
2026-05-10 16:39:56 [WARNING] [relay.backends.usb_backend] [USBBackend] Reconnecting USB device...
2026-05-10 16:39:57 [INFO] [relay.backends.usb_backend] [USBBackend] Reconnected on attempt 1
2026-05-10 16:39:57 [ERROR] [relay.backends.usb_backend] [USBBackend] Retry set_state ch7=False failed: Index 7 is outside range [1..2]
2026-05-10 16:39:57 [WARNING] [relay.backends.usb_backend] [USBBackend] set_state ch8=False failed: Index 8 is outside range [1..2] — attempting reconnect
2026-05-10 16:39:57 [WARNING] [relay.backends.usb_backend] [USBBackend] Reconnecting USB device...
2026-05-10 16:39:57 [INFO] [relay.backends.usb_backend] [USBBackend] Reconnected on attempt 1
2026-05-10 16:39:57 [ERROR] [relay.backends.usb_backend] [USBBackend] Retry set_state ch8=False failed: Index 8 is outside range [1..2]
2026-05-10 16:39:57 [WARNING] [relay.backends.usb_backend] [USBBackend] set_state ch9=False failed: Index 9 is outside range [1..2] — attempting reconnect
2026-05-10 16:39:57 [WARNING] [relay.backends.usb_backend] [USBBackend] Reconnecting USB device...
2026-05-10 16:39:58 [INFO] [relay.backends.usb_backend] [USBBackend] Reconnected on attempt 1
2026-05-10 16:39:58 [ERROR] [relay.backends.usb_backend] [USBBackend] Retry set_state ch9=False failed: Index 9 is outside range [1..2]
2026-05-10 16:39:58 [INFO] [relay.relay_process] [Relay] Backend 'usb' connected and outputs cleared
2026-05-10 16:39:58 [INFO] [relay.relay_process] [Relay] Running blink test on 'usb' (9 relays)...
2026-05-10 16:39:58 [WARNING] [relay.backends.usb_backend] [USBBackend] set_state ch3=True failed: Index 3 is outside range [1..2] — attempting reconnect
2026-05-10 16:39:58 [WARNING] [relay.backends.usb_backend] [USBBackend] Reconnecting USB device...
2026-05-10 16:39:59 [INFO] [relay.backends.usb_backend] [USBBackend] Reconnected on attempt 1
2026-05-10 16:39:59 [ERROR] [relay.backends.usb_backend] [USBBackend] Retry set_state ch3=True failed: Index 3 is outside range [1..2]
2026-05-10 16:39:59 [WARNING] [relay.backends.usb_backend] [USBBackend] set_state ch3=False failed: Index 3 is outside range [1..2] — attempting reconnect
2026-05-10 16:39:59 [WARNING] [relay.backends.usb_backend] [USBBackend] Reconnecting USB device...
2026-05-10 16:39:59 [INFO] [relay.backends.usb_backend] [USBBackend] Reconnected on attempt 1
2026-05-10 16:39:59 [ERROR] [relay.backends.usb_backend] [USBBackend] Retry set_state ch3=False failed: Index 3 is outside range [1..2]
2026-05-10 16:39:59 [WARNING] [relay.backends.usb_backend] [USBBackend] set_state ch4=True failed: Index 4 is outside range [1..2] — attempting reconnect
2026-05-10 16:39:59 [WARNING] [relay.backends.usb_backend] [USBBackend] Reconnecting USB device...
2026-05-10 16:40:00 [INFO] [relay.backends.usb_backend] [USBBackend] Reconnected on attempt 1
2026-05-10 16:40:00 [ERROR] [relay.backends.usb_backend] [USBBackend] Retry set_state ch4=True failed: Index 4 is outside range [1..2]
2026-05-10 16:40:00 [WARNING] [relay.backends.usb_backend] [USBBackend] set_state ch4=False failed: Index 4 is outside range [1..2] — attempting reconnect
2026-05-10 16:40:00 [WARNING] [relay.backends.usb_backend] [USBBackend] Reconnecting USB device...
2026-05-10 16:40:01 [INFO] [relay.backends.usb_backend] [USBBackend] Reconnected on attempt 1
2026-05-10 16:40:01 [ERROR] [relay.backends.usb_backend] [USBBackend] Retry set_state ch4=False failed: Index 4 is outside range [1..2]
2026-05-10 16:40:01 [WARNING] [relay.backends.usb_backend] [USBBackend] set_state ch5=True failed: Index 5 is outside range [1..2] — attempting reconnect
2026-05-10 16:40:01 [WARNING] [relay.backends.usb_backend] [USBBackend] Reconnecting USB device...
2026-05-10 16:40:01 [INFO] [relay.backends.usb_backend] [USBBackend] Reconnected on attempt 1
2026-05-10 16:40:01 [ERROR] [relay.backends.usb_backend] [USBBackend] Retry set_state ch5=True failed: Index 5 is outside range [1..2]
2026-05-10 16:40:01 [WARNING] [relay.backends.usb_backend] [USBBackend] set_state ch5=False failed: Index 5 is outside range [1..2] — attempting reconnect
2026-05-10 16:40:01 [WARNING] [relay.backends.usb_backend] [USBBackend] Reconnecting USB device...
2026-05-10 16:40:02 [INFO] [relay.backends.usb_backend] [USBBackend] Reconnected on attempt 1
2026-05-10 16:40:02 [ERROR] [relay.backends.usb_backend] [USBBackend] Retry set_state ch5=False failed: Index 5 is outside range [1..2]
2026-05-10 16:40:02 [WARNING] [relay.backends.usb_backend] [USBBackend] set_state ch6=True failed: Index 6 is outside range [1..2] — attempting reconnect
2026-05-10 16:40:02 [WARNING] [relay.backends.usb_backend] [USBBackend] Reconnecting USB device...
2026-05-10 16:40:02 [INFO] [relay.backends.usb_backend] [USBBackend] Reconnected on attempt 1
2026-05-10 16:40:02 [ERROR] [relay.backends.usb_backend] [USBBackend] Retry set_state ch6=True failed: Index 6 is outside range [1..2]
2026-05-10 16:40:02 [WARNING] [relay.backends.usb_backend] [USBBackend] set_state ch6=False failed: Index 6 is outside range [1..2] — attempting reconnect
2026-05-10 16:40:02 [WARNING] [relay.backends.usb_backend] [USBBackend] Reconnecting USB device...
2026-05-10 16:40:03 [INFO] [relay.backends.usb_backend] [USBBackend] Reconnected on attempt 1
2026-05-10 16:40:03 [ERROR] [relay.backends.usb_backend] [USBBackend] Retry set_state ch6=False failed: Index 6 is outside range [1..2]
2026-05-10 16:40:03 [WARNING] [relay.backends.usb_backend] [USBBackend] set_state ch7=True failed: Index 7 is outside range [1..2] — attempting reconnect
2026-05-10 16:40:03 [WARNING] [relay.backends.usb_backend] [USBBackend] Reconnecting USB device...
2026-05-10 16:40:04 [INFO] [relay.backends.usb_backend] [USBBackend] Reconnected on attempt 1
2026-05-10 16:40:04 [ERROR] [relay.backends.usb_backend] [USBBackend] Retry set_state ch7=True failed: Index 7 is outside range [1..2]
2026-05-10 16:40:04 [WARNING] [relay.backends.usb_backend] [USBBackend] set_state ch7=False failed: Index 7 is outside range [1..2] — attempting reconnect
2026-05-10 16:40:04 [WARNING] [relay.backends.usb_backend] [USBBackend] Reconnecting USB device...
2026-05-10 16:40:04 [INFO] [relay.backends.usb_backend] [USBBackend] Reconnected on attempt 1
2026-05-10 16:40:04 [ERROR] [relay.backends.usb_backend] [USBBackend] Retry set_state ch7=False failed: Index 7 is outside range [1..2]
2026-05-10 16:40:04 [WARNING] [relay.backends.usb_backend] [USBBackend] set_state ch8=True failed: Index 8 is outside range [1..2] — attempting reconnect
2026-05-10 16:40:04 [WARNING] [relay.backends.usb_backend] [USBBackend] Reconnecting USB device...
2026-05-10 16:40:05 [INFO] [relay.backends.usb_backend] [USBBackend] Reconnected on attempt 1
2026-05-10 16:40:05 [ERROR] [relay.backends.usb_backend] [USBBackend] Retry set_state ch8=True failed: Index 8 is outside range [1..2]
2026-05-10 16:40:05 [WARNING] [relay.backends.usb_backend] [USBBackend] set_state ch8=False failed: Index 8 is outside range [1..2] — attempting reconnect
2026-05-10 16:40:05 [WARNING] [relay.backends.usb_backend] [USBBackend] Reconnecting USB device...
2026-05-10 16:40:05 [INFO] [relay.backends.usb_backend] [USBBackend] Reconnected on attempt 1
2026-05-10 16:40:05 [ERROR] [relay.backends.usb_backend] [USBBackend] Retry set_state ch8=False failed: Index 8 is outside range [1..2]
2026-05-10 16:40:06 [WARNING] [relay.backends.usb_backend] [USBBackend] set_state ch9=True failed: Index 9 is outside range [1..2] — attempting reconnect
2026-05-10 16:40:06 [WARNING] [relay.backends.usb_backend] [USBBackend] Reconnecting USB device...
2026-05-10 16:40:06 [INFO] [relay.backends.usb_backend] [USBBackend] Reconnected on attempt 1
2026-05-10 16:40:06 [ERROR] [relay.backends.usb_backend] [USBBackend] Retry set_state ch9=True failed: Index 9 is outside range [1..2]
2026-05-10 16:40:06 [WARNING] [relay.backends.usb_backend] [USBBackend] set_state ch9=False failed: Index 9 is outside range [1..2] — attempting reconnect
2026-05-10 16:40:06 [WARNING] [relay.backends.usb_backend] [USBBackend] Reconnecting USB device...
2026-05-10 16:40:07 [INFO] [relay.backends.usb_backend] [USBBackend] Reconnected on attempt 1
2026-05-10 16:40:07 [ERROR] [relay.backends.usb_backend] [USBBackend] Retry set_state ch9=False failed: Index 9 is outside range [1..2]
2026-05-10 16:40:07 [INFO] [relay.relay_process] [Relay] Blink test complete — all 9 relays cycled
