
================================================================================
CRASH DUMP [supervisor] @ 2026-03-10 07:10:12
Traceback (most recent call last):
  File "d:\New folder\pc 3\vision_system\main.py", line 55, in <module>
    main()
  File "d:\New folder\pc 3\vision_system\main.py", line 51, in main
    run_supervisor(config_path)
  File "d:\New folder\pc 3\vision_system\supervisor\supervisor.py", line 327, in run_supervisor
    Supervisor(config_path).start()
  File "d:\New folder\pc 3\vision_system\supervisor\supervisor.py", line 67, in start
    self._running = True; self._supervision_loop()
  File "d:\New folder\pc 3\vision_system\supervisor\supervisor.py", line 157, in _supervision_loop
    logger.info("Supervision loop ending"); self._shutdown_all()
  File "d:\New folder\pc 3\vision_system\supervisor\supervisor.py", line 314, in _shutdown_all
    if mproc.process and mproc.process.is_alive(): mproc.process.terminate()
  File "C:\Users\admin\AppData\Local\Programs\Python\Python310\lib\multiprocessing\process.py", line 133, in terminate
    self._popen.terminate()
  File "C:\Users\admin\AppData\Local\Programs\Python\Python310\lib\multiprocessing\popen_spawn_win32.py", line 123, in terminate
    _winapi.TerminateProcess(int(self._handle), TERMINATE)
PermissionError: [WinError 5] Access is denied
================================================================================

================================================================================
CRASH DUMP [supervisor] @ 2026-03-30 19:54:43
Traceback (most recent call last):
  File "c:\projects\final\industrial_oil_can_vision_system\main.py", line 55, in <module>
    main()
  File "c:\projects\final\industrial_oil_can_vision_system\main.py", line 51, in main
    run_supervisor(config_path)
  File "c:\projects\final\industrial_oil_can_vision_system\supervisor\supervisor.py", line 493, in run_supervisor
    Supervisor(config_path).start()
  File "c:\projects\final\industrial_oil_can_vision_system\supervisor\supervisor.py", line 88, in start
    logger.info("Model OK: %s", self.cfg.model.path); self._start_all(detection_ok=True)
  File "c:\projects\final\industrial_oil_can_vision_system\supervisor\supervisor.py", line 99, in _start_all
    self._start_relay()
  File "c:\projects\final\industrial_oil_can_vision_system\supervisor\supervisor.py", line 141, in _start_relay
    from relay.relay_process import relay_process_entry
  File "c:\projects\final\industrial_oil_can_vision_system\relay\relay_process.py", line 66
    if state: self._device.True(relay_num)
                           ^^^^
SyntaxError: invalid syntax
================================================================================

================================================================================
CRASH DUMP [supervisor] @ 2026-03-30 20:14:10
Traceback (most recent call last):
  File "c:\projects\final\industrial_oil_can_vision_system\main.py", line 55, in <module>
    main()
  File "c:\projects\final\industrial_oil_can_vision_system\main.py", line 51, in main
    run_supervisor(config_path)
  File "c:\projects\final\industrial_oil_can_vision_system\supervisor\supervisor.py", line 522, in run_supervisor
    Supervisor(config_path).start()
  File "c:\projects\final\industrial_oil_can_vision_system\supervisor\supervisor.py", line 97, in start
    logger.info("Model OK: %s", self.cfg.model.path); self._start_all(detection_ok=True)
  File "c:\projects\final\industrial_oil_can_vision_system\supervisor\supervisor.py", line 128, in _start_all
    self._start_relay()
  File "c:\projects\final\industrial_oil_can_vision_system\supervisor\supervisor.py", line 170, in _start_relay
    from relay.relay_process import relay_process_entry
  File "c:\projects\final\industrial_oil_can_vision_system\relay\relay_process.py", line 66
    if state: self._device.True(relay_num)
                           ^^^^
SyntaxError: invalid syntax
================================================================================

================================================================================
CRASH DUMP [supervisor] @ 2026-03-30 23:34:36
Traceback (most recent call last):
  File "c:\projects\final\industrial_oil_can_vision_system\main.py", line 55, in <module>
    main()
  File "c:\projects\final\industrial_oil_can_vision_system\main.py", line 51, in main
    run_supervisor(config_path)
  File "c:\projects\final\industrial_oil_can_vision_system\supervisor\supervisor.py", line 522, in run_supervisor
    Supervisor(config_path).start()
  File "c:\projects\final\industrial_oil_can_vision_system\supervisor\supervisor.py", line 97, in start
    logger.info("Model OK: %s", self.cfg.model.path); self._start_all(detection_ok=True)
  File "c:\projects\final\industrial_oil_can_vision_system\supervisor\supervisor.py", line 125, in _start_all
    if self.cfg.gpu_pool.enabled: self._start_gpu_pool()
  File "c:\projects\final\industrial_oil_can_vision_system\supervisor\supervisor.py", line 145, in _start_gpu_pool
    from detection.gpu_worker_pool import pool_manager_process_entry
  File "c:\projects\final\industrial_oil_can_vision_system\detection\gpu_worker_pool.py", line 231
    with self.b_lock:
    ^^^^
IndentationError: expected an indented block after function definition on line 230
================================================================================
